Archive member included because of file (symbol)

c:/altera/11.1/nios2eds/bin/gnu/h-i686-mingw32/bin/../lib/gcc/nios2-elf/4.1.2/mno-hw-mul\libgcc.a(lib2-divmod.o)
                              obj/default/thread_handler.o (__modsi3)
c:/altera/11.1/nios2eds/bin/gnu/h-i686-mingw32/bin/../lib/gcc/nios2-elf/4.1.2/mno-hw-mul\libgcc.a(lib2-mul.o)
                              obj/default/project3.o (__mulsi3)
c:/altera/11.1/nios2eds/bin/gnu/h-i686-mingw32/bin/../lib/gcc/nios2-elf/4.1.2/../../../../nios2-elf/lib/mno-hw-mul\libc.a(lib_a-exit.o)
                              obj/default/thread_handler.o (exit)
c:/altera/11.1/nios2eds/bin/gnu/h-i686-mingw32/bin/../lib/gcc/nios2-elf/4.1.2/../../../../nios2-elf/lib/mno-hw-mul\libc.a(lib_a-impure.o)
                              c:/altera/11.1/nios2eds/bin/gnu/h-i686-mingw32/bin/../lib/gcc/nios2-elf/4.1.2/../../../../nios2-elf/lib/mno-hw-mul\libc.a(lib_a-exit.o) (_global_impure_ptr)
c:/altera/11.1/nios2eds/bin/gnu/h-i686-mingw32/bin/../lib/gcc/nios2-elf/4.1.2/../../../../nios2-elf/lib/mno-hw-mul\libc.a(lib_a-malloc.o)
                              obj/default/thread_handler.o (free)
c:/altera/11.1/nios2eds/bin/gnu/h-i686-mingw32/bin/../lib/gcc/nios2-elf/4.1.2/../../../../nios2-elf/lib/mno-hw-mul\libc.a(lib_a-mallocr.o)
                              c:/altera/11.1/nios2eds/bin/gnu/h-i686-mingw32/bin/../lib/gcc/nios2-elf/4.1.2/../../../../nios2-elf/lib/mno-hw-mul\libc.a(lib_a-malloc.o) (_malloc_r)
c:/altera/11.1/nios2eds/bin/gnu/h-i686-mingw32/bin/../lib/gcc/nios2-elf/4.1.2/../../../../nios2-elf/lib/mno-hw-mul\libc.a(lib_a-printf.o)
                              obj/default/project3.o (printf)
c:/altera/11.1/nios2eds/bin/gnu/h-i686-mingw32/bin/../lib/gcc/nios2-elf/4.1.2/../../../../nios2-elf/lib/mno-hw-mul\libc.a(lib_a-puts.o)
                              obj/default/alarm_handler.o (puts)
c:/altera/11.1/nios2eds/bin/gnu/h-i686-mingw32/bin/../lib/gcc/nios2-elf/4.1.2/../../../../nios2-elf/lib/mno-hw-mul\libc.a(lib_a-sbrkr.o)
                              c:/altera/11.1/nios2eds/bin/gnu/h-i686-mingw32/bin/../lib/gcc/nios2-elf/4.1.2/../../../../nios2-elf/lib/mno-hw-mul\libc.a(lib_a-mallocr.o) (_sbrk_r)
c:/altera/11.1/nios2eds/bin/gnu/h-i686-mingw32/bin/../lib/gcc/nios2-elf/4.1.2/../../../../nios2-elf/lib/mno-hw-mul\libc.a(lib_a-strlen.o)
                              c:/altera/11.1/nios2eds/bin/gnu/h-i686-mingw32/bin/../lib/gcc/nios2-elf/4.1.2/../../../../nios2-elf/lib/mno-hw-mul\libc.a(lib_a-puts.o) (strlen)
c:/altera/11.1/nios2eds/bin/gnu/h-i686-mingw32/bin/../lib/gcc/nios2-elf/4.1.2/../../../../nios2-elf/lib/mno-hw-mul\libc.a(lib_a-vfprintf.o)
                              c:/altera/11.1/nios2eds/bin/gnu/h-i686-mingw32/bin/../lib/gcc/nios2-elf/4.1.2/../../../../nios2-elf/lib/mno-hw-mul\libc.a(lib_a-printf.o) (___vfprintf_internal_r)
c:/altera/11.1/nios2eds/bin/gnu/h-i686-mingw32/bin/../lib/gcc/nios2-elf/4.1.2/../../../../nios2-elf/lib/mno-hw-mul\libc.a(lib_a-wsetup.o)
                              c:/altera/11.1/nios2eds/bin/gnu/h-i686-mingw32/bin/../lib/gcc/nios2-elf/4.1.2/../../../../nios2-elf/lib/mno-hw-mul\libc.a(lib_a-vfprintf.o) (__swsetup_r)
c:/altera/11.1/nios2eds/bin/gnu/h-i686-mingw32/bin/../lib/gcc/nios2-elf/4.1.2/../../../../nios2-elf/lib/mno-hw-mul\libc.a(lib_a-__call_atexit.o)
                              c:/altera/11.1/nios2eds/bin/gnu/h-i686-mingw32/bin/../lib/gcc/nios2-elf/4.1.2/../../../../nios2-elf/lib/mno-hw-mul\libc.a(lib_a-exit.o) (__call_exitprocs)
c:/altera/11.1/nios2eds/bin/gnu/h-i686-mingw32/bin/../lib/gcc/nios2-elf/4.1.2/../../../../nios2-elf/lib/mno-hw-mul\libc.a(lib_a-dtoa.o)
                              c:/altera/11.1/nios2eds/bin/gnu/h-i686-mingw32/bin/../lib/gcc/nios2-elf/4.1.2/../../../../nios2-elf/lib/mno-hw-mul\libc.a(lib_a-vfprintf.o) (_dtoa_r)
c:/altera/11.1/nios2eds/bin/gnu/h-i686-mingw32/bin/../lib/gcc/nios2-elf/4.1.2/../../../../nios2-elf/lib/mno-hw-mul\libc.a(lib_a-fflush.o)
                              c:/altera/11.1/nios2eds/bin/gnu/h-i686-mingw32/bin/../lib/gcc/nios2-elf/4.1.2/../../../../nios2-elf/lib/mno-hw-mul\libc.a(lib_a-vfprintf.o) (_fflush_r)
c:/altera/11.1/nios2eds/bin/gnu/h-i686-mingw32/bin/../lib/gcc/nios2-elf/4.1.2/../../../../nios2-elf/lib/mno-hw-mul\libc.a(lib_a-findfp.o)
                              c:/altera/11.1/nios2eds/bin/gnu/h-i686-mingw32/bin/../lib/gcc/nios2-elf/4.1.2/../../../../nios2-elf/lib/mno-hw-mul\libc.a(lib_a-vfprintf.o) (__sinit)
c:/altera/11.1/nios2eds/bin/gnu/h-i686-mingw32/bin/../lib/gcc/nios2-elf/4.1.2/../../../../nios2-elf/lib/mno-hw-mul\libc.a(lib_a-freer.o)
                              c:/altera/11.1/nios2eds/bin/gnu/h-i686-mingw32/bin/../lib/gcc/nios2-elf/4.1.2/../../../../nios2-elf/lib/mno-hw-mul\libc.a(lib_a-malloc.o) (_free_r)
c:/altera/11.1/nios2eds/bin/gnu/h-i686-mingw32/bin/../lib/gcc/nios2-elf/4.1.2/../../../../nios2-elf/lib/mno-hw-mul\libc.a(lib_a-fvwrite.o)
[...]
Memory Configuration

Name             Origin             Length             Attributes
reset            0x00000000         0x00000020
SDRAM            0x00000020         0x007fffe0
SRAM             0x08000000         0x00080000
Onchip_memory    0x09000000         0x00002000
*default*        0x00000000         0xffffffff

Linker script and memory map

LOAD Z:/Project3_bsp//obj/HAL/src/crt0.o
LOAD obj/default/alarm_handler.o
LOAD obj/default/project3.o
LOAD obj/default/thread_handler.o
LOAD obj/default/exception_handler.o
LOAD c:/altera/11.1/nios2eds/bin/gnu/h-i686-mingw32/bin/../lib/gcc/nios2-elf/4.1.2/../../../../nios2-elf/lib/mno-hw-mul\libstdc++.a
LOAD c:/altera/11.1/nios2eds/bin/gnu/h-i686-mingw32/bin/../lib/gcc/nios2-elf/4.1.2/../../../../nios2-elf/lib/mno-hw-mul\libm.a
LOAD c:/altera/11.1/nios2eds/bin/gnu/h-i686-mingw32/bin/../lib/gcc/nios2-elf/4.1.2/mno-hw-mul\libgcc.a
START GROUP
LOAD c:/altera/11.1/nios2eds/bin/gnu/h-i686-mingw32/bin/../lib/gcc/nios2-elf/4.1.2/../../../../nios2-elf/lib/mno-hw-mul\libc.a
LOAD c:/altera/11.1/nios2eds/bin/gnu/h-i686-mingw32/bin/../lib/gcc/nios2-elf/4.1.2/mno-hw-mul\libgcc.a
LOAD Z:/Project3_bsp/\libhal_bsp.a
END GROUP
LOAD c:/altera/11.1/nios2eds/bin/gnu/h-i686-mingw32/bin/../lib/gcc/nios2-elf/4.1.2/mno-hw-mul\libgcc.a
                0x00000000                __alt_mem_SDRAM = 0x0
                0x08000000                __alt_mem_SRAM = 0x8000000
                0x09000000                __alt_mem_Onchip_memory = 0x9000000

.entry          0x00000000       0x20
 *(.entry)
 .entry         0x00000000       0x20 Z:/Project3_bsp//obj/HAL/src/crt0.o
                0x00000000                __reset

.exceptions     0x00000020      0x1b4
                0x00000020                PROVIDE (__ram_exceptions_start, ABSOLUTE (.))
                0x00000020                . = ALIGN (0x20)
 *(.irq)
 *(.exceptions.entry.label)
 .exceptions.entry.label
                0x00000020        0x0 Z:/Project3_bsp/\libhal_bsp.a(alt_irq_entry.o)
                0x00000020                alt_irq_entry
 .exceptions.entry.label
                0x00000020        0x0 Z:/Project3_bsp/\libhal_bsp.a(alt_exception_entry.o)
                0x00000020                alt_exception
 *(.exceptions.entry.user)
 *(.exceptions.entry)
 .exceptions.entry
                0x00000020       0x54 Z:/Project3_bsp/\libhal_bsp.a(alt_exception_entry.o)
 *(.exceptions.irqtest.user)
 *(.exceptions.irqtest)
 .exceptions.irqtest
                0x00000074       0x10 Z:/Project3_bsp/\libhal_bsp.a(alt_irq_entry.o)
 *(.exceptions.irqhandler.user)
 *(.exceptions.irqhandler)
 .exceptions.irqhandler
                0x00000084        0x4 Z:/Project3_bsp/\libhal_bsp.a(alt_irq_entry.o)
 *(.exceptions.irqreturn.user)
 *(.exceptions.irqreturn)
 .exceptions.irqreturn
                0x00000088        0x4 Z:/Project3_bsp/\libhal_bsp.a(alt_irq_entry.o)
 *(.exceptions.notirq.label)
 .exceptions.notirq.label
                0x0000008c        0x0 Z:/Project3_bsp/\libhal_bsp.a(alt_irq_entry.o)
 *(.exceptions.notirq.user)
 *(.exceptions.notirq)
 .exceptions.notirq
                0x0000008c        0x8 Z:/Project3_bsp/\libhal_bsp.a(alt_exception_entry.o)
 *(.exceptions.soft.user)
 *(.exceptions.soft)
 *(.exceptions.unknown.user)
 *(.exceptions.unknown)
 .exceptions.unknown
                0x00000094        0x4 Z:/Project3_bsp/\libhal_bsp.a(alt_exception_entry.o)
 *(.exceptions.exit.label)
 .exceptions.exit.label
                0x00000098        0x0 Z:/Project3_bsp/\libhal_bsp.a(alt_irq_entry.o)
 .exceptions.exit.label
                0x00000098        0x0 Z:/Project3_bsp/\libhal_bsp.a(alt_exception_entry.o)
 *(.exceptions.exit.user)
 .exceptions.exit.user
                0x00000098       0x20 obj/default/exception_handler.o
 *(.exceptions.exit)
 .exceptions.exit
                0x000000b8       0x54 Z:/Project3_bsp/\libhal_bsp.a(alt_exception_entry.o)
 *(.exceptions)
 .exceptions    0x0000010c       0xc8 Z:/Project3_bsp/\libhal_bsp.a(alt_irq_handler.o)
                0x0000010c                alt_irq_handler
                0x000001d4                PROVIDE (__ram_exceptions_end, ABSOLUTE (.))
                0x00000020                PROVIDE (__flash_exceptions_start, LOADADDR (.exceptions))

.text           0x000001d4     0xd384
                0x000001d4                PROVIDE (stext, ABSOLUTE (.))
 *(.interp)
 *(.hash)
 *(.dynsym)
 *(.dynstr)
 *(.gnu.version)
 *(.gnu.version_d)
 *(.gnu.version_r)
 *(.rel.init)
 *(.rela.init)
 *(.rel.text .rel.text.* .rel.gnu.linkonce.t.*)
 *(.rela.text .rela.text.* .rela.gnu.linkonce.t.*)
 *(.rel.fini)
 *(.rela.fini)
 *(.rel.rodata .rel.rodata.* .rel.gnu.linkonce.r.*)
 *(.rela.rodata .rela.rodata.* .rela.gnu.linkonce.r.*)
 *(.rel.data .rel.data.* .rel.gnu.linkonce.d.*)
 *(.rela.data .rela.data.* .rela.gnu.linkonce.d.*)
 *(.rel.tdata .rel.tdata.* .rel.gnu.linkonce.td.*)
 *(.rela.tdata .rela.tdata.* .rela.gnu.linkonce.td.*)
 *(.rel.tbss .rel.tbss.* .rel.gnu.linkonce.tb.*)
 *(.rela.tbss .rela.tbss.* .rela.gnu.linkonce.tb.*)
 *(.rel.ctors)
 *(.rela.ctors)
 *(.rel.dtors)
 *(.rela.dtors)
 *(.rel.got)
 *(.rela.got)
 *(.rel.sdata .rel.sdata.* .rel.gnu.linkonce.s.*)
 *(.rela.sdata .rela.sdata.* .rela.gnu.linkonce.s.*)
 *(.rel.sbss .rel.sbss.* .rel.gnu.linkonce.sb.*)
 *(.rela.sbss .rela.sbss.* .rela.gnu.linkonce.sb.*)
 *(.rel.sdata2 .rel.sdata2.* .rel.gnu.linkonce.s2.*)
 *(.rela.sdata2 .rela.sdata2.* .rela.gnu.linkonce.s2.*)
 *(.rel.sbss2 .rel.sbss2.* .rel.gnu.linkonce.sb2.*)
 *(.rela.sbss2 .rela.sbss2.* .rela.gnu.linkonce.sb2.*)
 *(.rel.bss .rel.bss.* .rel.gnu.linkonce.b.*)
 *(.rela.bss .rela.bss.* .rela.gnu.linkonce.b.*)
 *(.rel.plt)
 *(.rela.plt)
 *(.rel.dyn)
 *(.init)
 *(.plt)
 *(.text .stub .text.* .gnu.linkonce.t.*)
 .text          0x000001d4       0x3c Z:/Project3_bsp//obj/HAL/src/crt0.o
                0x000001d4                _start
 .text          0x00000210       0xec obj/default/alarm_handler.o
                0x00000210                is_alarmflag_set
                0x00000234                reset_alarmflag
                0x00000254                myinterrupt_handler
                0x000002a8                start_alarm_succeed
 .text          0x000002fc      0x1a0 obj/default/project3.o
                0x000002fc                mythread
                0x000003bc                os_primitive
                0x00000470                main
 .text          0x0000049c      0x5ac obj/default/thread_handler.o
                0x0000049c                getQSize
                0x00000524                enqueue
                0x000005d0                dequeue
                0x000006a8                mythread_create
                0x00000804                mythread_start
                0x00000830                mythread_join
                0x00000878                mythread_block
                0x000008a4                mythread_terminate
                0x000008d0                mythread_schedule
                0x000009b0                mythread_isQempty
                0x00000a08                mythread_cleanup
 .text          0x00000a48        0x0 obj/default/exception_handler.o
 .text          0x00000a48      0x14c c:/altera/11.1/nios2eds/bin/gnu/h-i686-mingw32/bin/../lib/gcc/nios2-elf/4.1.2/mno-hw-mul\libgcc.a(lib2-divmod.o)
                0x00000ac4                __divsi3
                0x00000b24                __modsi3
                0x00000b84                __udivsi3
                0x00000b8c                __umodsi3
 .text          0x00000b94       0x38 c:/altera/11.1/nios2eds/bin/gnu/h-i686-mingw32/bin/../lib/gcc/nios2-elf/4.1.2/mno-hw-mul\libgcc.a(lib2-mul.o)
                0x00000b94                __mulsi3
 .text          0x00000bcc       0x38 c:/altera/11.1/nios2eds/bin/gnu/h-i686-mingw32/bin/../lib/gcc/nios2-elf/4.1.2/../../../../nios2-elf/lib/mno-hw-mul\libc.a(lib_a-exit.o)
                0x00000bcc                exit
 .text          0x00000c04        0x0 c:/altera/11.1/nios2eds/bin/gnu/h-i686-mingw32/bin/../lib/gcc/nios2-elf/4.1.2/../../../../nios2-elf/lib/mno-hw-mul\libc.a(lib_a-impure.o)
 .text          0x00000c04       0x28 c:/altera/11.1/nios2eds/bin/gnu/h-i686-mingw32/bin/../lib/gcc/nios2-elf/4.1.2/../../../../nios2-elf/lib/mno-hw-mul\libc.a(lib_a-malloc.o)
                0x00000c04                free
                0x00000c18                malloc
 .text          0x00000c2c      0x740 c:/altera/11.1/nios2eds/bin/gnu/h-i686-mingw32/bin/../lib/gcc/nios2-elf/4.1.2/../../../../nios2-elf/lib/mno-hw-mul\libc.a(lib_a-mallocr.o)
                0x00000c2c                _malloc_r
 .text          0x0000136c       0x78 c:/altera/11.1/nios2eds/bin/gnu/h-i686-mingw32/bin/../lib/gcc/nios2-elf/4.1.2/../../../../nios2-elf/lib/mno-hw-mul\libc.a(lib_a-printf.o)
                0x0000136c                printf
                0x000013b0                _printf_r
 .text          0x000013e4       0xb4 c:/altera/11.1/nios2eds/bin/gnu/h-i686-mingw32/bin/../lib/gcc/nios2-elf/4.1.2/../../../../nios2-elf/lib/mno-hw-mul\libc.a(lib_a-puts.o)
                0x000013e4                _puts_r
                0x00001484                puts
 .text          0x00001498       0x70 c:/altera/11.1/nios2eds/bin/gnu/h-i686-mingw32/bin/../lib/gcc/nios2-elf/4.1.2/../../../../nios2-elf/lib/mno-hw-mul\libc.a(lib_a-sbrkr.o)
                0x00001498                _sbrk_r
 .text          0x00001508       0x74 c:/altera/11.1/nios2eds/bin/gnu/h-i686-mingw32/bin/../lib/gcc/nios2-elf/4.1.2/../../../../nios2-elf/lib/mno-hw-mul\libc.a(lib_a-strlen.o)
                0x00001508                strlen
 .text          0x0000157c     0x1f40 c:/altera/11.1/nios2eds/bin/gnu/h-i686-mingw32/bin/../lib/gcc/nios2-elf/4.1.2/../../../../nios2-elf/lib/mno-hw-mul\libc.a(lib_a-vfprintf.o)
                0x000015d4                ___vfprintf_internal_r
                0x00003498                __vfprintf_internal
 .text          0x000034bc      0x13c c:/altera/11.1/nios2eds/bin/gnu/h-i686-mingw32/bin/../lib/gcc/nios2-elf/4.1.2/../../../../nios2-elf/lib/mno-hw-mul\libc.a(lib_a-wsetup.o)
                0x000034bc                __swsetup_r
 .text          0x000035f8      0x1b4 c:/altera/11.1/nios2eds/bin/gnu/h-i686-mingw32/bin/../lib/gcc/nios2-elf/4.1.2/../../../../nios2-elf/lib/mno-hw-mul\libc.a(lib_a-__call_atexit.o)
                0x000035fc                __call_exitprocs
 .text          0x000037ac     0x17f8 c:/altera/11.1/nios2eds/bin/gnu/h-i686-mingw32/bin/../lib/gcc/nios2-elf/4.1.2/../../../../nios2-elf/lib/mno-hw-mul\libc.a(lib_a-dtoa.o)
                0x000039f0                _dtoa_r
 .text          0x00004fa4      0x230 c:/altera/11.1/nios2eds/bin/gnu/h-i686-mingw32/bin/../lib/gcc/nios2-elf/4.1.2/../../../../nios2-elf/lib/mno-hw-mul\libc.a(lib_a-fflush.o)
                0x00004fa4                _fflush_r
                0x000051a0                fflush
 .text          0x000051d4      0x2f4 c:/altera/11.1/nios2eds/bin/gnu/h-i686-mingw32/bin/../lib/gcc/nios2-elf/4.1.2/../../../../nios2-elf/lib/mno-hw-mul\libc.a(lib_a-findfp.o)
                0x0000522c                __sfp_lock_acquire
                0x00005230                __sfp_lock_release
                0x00005234                __sinit_lock_acquire
                0x00005238                __sinit_lock_release
                0x0000523c                __sinit
                0x000052f0                __fp_unlock_all
                0x00005308                __fp_lock_all
                0x00005320                _cleanup_r
                0x0000532c                _cleanup
                0x0000533c                __sfmoreglue
                0x000053d8                __sfp
 .text          0x000054c8      0x440 c:/altera/11.1/nios2eds/bin/gnu/h-i686-mingw32/bin/../lib/gcc/nios2-elf/4.1.2/../../../../nios2-elf/lib/mno-hw-mul\libc.a(lib_a-freer.o)
                0x000054c8                _malloc_trim_r
                0x000055f4                _free_r
 .text          0x00005908      0x49c c:/altera/11.1/nios2eds/bin/gnu/h-i686-mingw32/bin/../lib/gcc/nios2-elf/4.1.2/../../../../nios2-elf/lib/mno-hw-mul\libc.a(lib_a-fvwrite.o)
                0x00005908                __sfvwrite_r
 .text          0x00005da4      0x180 c:/altera/11.1/nios2eds/bin/gnu/h-i686-mingw32/bin/../lib/gcc/nios2-elf/4.1.2/../../../../nios2-elf/lib/mno-hw-mul\libc.a(lib_a-fwalk.o)
                0x00005da4                _fwalk_reent
                0x00005e6c                _fwalk
 .text          0x00005f24        0x0 c:/altera/11.1/nios2eds/bin/gnu/h-i686-mingw32/bin/../lib/gcc/nios2-elf/4.1.2/../../../../nios2-elf/lib/mno-hw-mul\libc.a(lib_a-int_errno.o)
 .text          0x00005f24       0xc4 c:/altera/11.1/nios2eds/bin/gnu/h-i686-mingw32/bin/../lib/gcc/nios2-elf/4.1.2/../../../../nios2-elf/lib/mno-hw-mul\libc.a(lib_a-locale.o)
                0x00005f24                __locale_charset
                0x00005f2c                _localeconv_r
                0x00005f38                localeconv
                0x00005f48                _setlocale_r
                0x00005fcc                setlocale
 .text          0x00005fe8      0x194 c:/altera/11.1/nios2eds/bin/gnu/h-i686-mingw32/bin/../lib/gcc/nios2-elf/4.1.2/../../../../nios2-elf/lib/mno-hw-mul\libc.a(lib_a-makebuf.o)
                0x00005fe8                __smakebuf_r
 .text          0x0000617c       0xe4 c:/altera/11.1/nios2eds/bin/gnu/h-i686-mingw32/bin/../lib/gcc/nios2-elf/4.1.2/../../../../nios2-elf/lib/mno-hw-mul\libc.a(lib_a-memchr.o)
                0x0000617c                memchr
 .text          0x00006260       0xa0 c:/altera/11.1/nios2eds/bin/gnu/h-i686-mingw32/bin/../lib/gcc/nios2-elf/4.1.2/../../../../nios2-elf/lib/mno-hw-mul\libc.a(lib_a-memcpy.o)
                0x00006260                memcpy
 .text          0x00006300       0xe0 c:/altera/11.1/nios2eds/bin/gnu/h-i686-mingw32/bin/../lib/gcc/nios2-elf/4.1.2/../../../../nios2-elf/lib/mno-hw-mul\libc.a(lib_a-memmove.o)
                0x00006300                memmove
 .text          0x000063e0       0x98 c:/altera/11.1/nios2eds/bin/gnu/h-i686-mingw32/bin/../lib/gcc/nios2-elf/4.1.2/../../../../nios2-elf/lib/mno-hw-mul\libc.a(lib_a-memset.o)
                0x000063e0                memset
 .text          0x00006478     0x108c c:/altera/11.1/nios2eds/bin/gnu/h-i686-mingw32/bin/../lib/gcc/nios2-elf/4.1.2/../../../../nios2-elf/lib/mno-hw-mul\libc.a(lib_a-mprec.o)
                0x00006478                _Bfree
                0x000064a0                __hi0bits
                0x00006510                __lo0bits
                0x000065d4                __mcmp
                0x00006634                __ulp
                0x000066b4                __b2d
                0x000067d4                __ratio
                0x00006884                _mprec_log10
                0x00006918                __copybits
                0x00006970                __any_on
                0x000069f8                _Balloc
                0x00006ab4                __d2b
                0x00006c30                __mdiff
                0x00006dbc                __lshift
                0x00006f08                __multiply
                0x0000715c                __i2b
                0x00007198                __multadd
                0x000072c4                __pow5mult
                0x000073e4                __s2b
 .text          0x00007504      0x5f4 c:/altera/11.1/nios2eds/bin/gnu/h-i686-mingw32/bin/../lib/gcc/nios2-elf/4.1.2/../../../../nios2-elf/lib/mno-hw-mul\libc.a(lib_a-reallocr.o)
                0x00007504                _realloc_r
 .text          0x00007af8       0x40 c:/altera/11.1/nios2eds/bin/gnu/h-i686-mingw32/bin/../lib/gcc/nios2-elf/4.1.2/../../../../nios2-elf/lib/mno-hw-mul\libc.a(lib_a-s_isinfd.o)
                0x00007af8                __isinfd
 .text          0x00007b38       0x30 c:/altera/11.1/nios2eds/bin/gnu/h-i686-mingw32/bin/../lib/gcc/nios2-elf/4.1.2/../../../../nios2-elf/lib/mno-hw-mul\libc.a(lib_a-s_isnand.o)
                0x00007b38                __isnand
 .text          0x00007b68      0x14c c:/altera/11.1/nios2eds/bin/gnu/h-i686-mingw32/bin/../lib/gcc/nios2-elf/4.1.2/../../../../nios2-elf/lib/mno-hw-mul\libc.a(lib_a-stdio.o)
                0x00007b68                __sclose
                0x00007b70                __sseek
                0x00007bd8                __swrite
                0x00007c54                __sread
 .text          0x00007cb4       0xbc c:/altera/11.1/nios2eds/bin/gnu/h-i686-mingw32/bin/../lib/gcc/nios2-elf/4.1.2/../../../../nios2-elf/lib/mno-hw-mul\libc.a(lib_a-strcmp.o)
                0x00007cb4                strcmp
 .text          0x00007d70       0x78 c:/altera/11.1/nios2eds/bin/gnu/h-i686-mingw32/bin/../lib/gcc/nios2-elf/4.1.2/../../../../nios2-elf/lib/mno-hw-mul\libc.a(lib_a-writer.o)
                0x00007d70                _write_r
 .text          0x00007de8       0xc8 c:/altera/11.1/nios2eds/bin/gnu/h-i686-mingw32/bin/../lib/gcc/nios2-elf/4.1.2/../../../../nios2-elf/lib/mno-hw-mul\libc.a(lib_a-callocr.o)
                0x00007de8                _calloc_r
 .text          0x00007eb0       0x70 c:/altera/11.1/nios2eds/bin/gnu/h-i686-mingw32/bin/../lib/gcc/nios2-elf/4.1.2/../../../../nios2-elf/lib/mno-hw-mul\libc.a(lib_a-closer.o)
                0x00007eb0                _close_r
 .text          0x00007f20      0x124 c:/altera/11.1/nios2eds/bin/gnu/h-i686-mingw32/bin/../lib/gcc/nios2-elf/4.1.2/../../../../nios2-elf/lib/mno-hw-mul\libc.a(lib_a-fclose.o)
                0x00007f20                _fclose_r
                0x00008030                fclose
 .text          0x00008044       0x74 c:/altera/11.1/nios2eds/bin/gnu/h-i686-mingw32/bin/../lib/gcc/nios2-elf/4.1.2/../../../../nios2-elf/lib/mno-hw-mul\libc.a(lib_a-fstatr.o)
                0x00008044                _fstat_r
 .text          0x000080b8       0x70 c:/altera/11.1/nios2eds/bin/gnu/h-i686-mingw32/bin/../lib/gcc/nios2-elf/4.1.2/../../../../nios2-elf/lib/mno-hw-mul\libc.a(lib_a-isattyr.o)
                0x000080b8                _isatty_r
 .text          0x00008128       0x78 c:/altera/11.1/nios2eds/bin/gnu/h-i686-mingw32/bin/../lib/gcc/nios2-elf/4.1.2/../../../../nios2-elf/lib/mno-hw-mul\libc.a(lib_a-lseekr.o)
                0x00008128                _lseek_r
 .text          0x000081a0       0x78 c:/altera/11.1/nios2eds/bin/gnu/h-i686-mingw32/bin/../lib/gcc/nios2-elf/4.1.2/../../../../nios2-elf/lib/mno-hw-mul\libc.a(lib_a-readr.o)
                0x000081a0                _read_r
 .text          0x00008218      0x66c c:/altera/11.1/nios2eds/bin/gnu/h-i686-mingw32/bin/../lib/gcc/nios2-elf/4.1.2/mno-hw-mul\libgcc.a(_udivdi3.o)
                0x00008218                __udivdi3
 .text          0x00008884      0x660 c:/altera/11.1/nios2eds/bin/gnu/h-i686-mingw32/bin/../lib/gcc/nios2-elf/4.1.2/mno-hw-mul\libgcc.a(_umoddi3.o)
                0x00008884                __umoddi3
 .text          0x00008ee4      0x504 c:/altera/11.1/nios2eds/bin/gnu/h-i686-mingw32/bin/../lib/gcc/nios2-elf/4.1.2/mno-hw-mul\libgcc.a(_addsub_df.o)
                0x000092f4                __subdf3
                0x00009374                __adddf3
 .text          0x000093e8      0x3c4 c:/altera/11.1/nios2eds/bin/gnu/h-i686-mingw32/bin/../lib/gcc/nios2-elf/4.1.2/mno-hw-mul\libgcc.a(_mul_df.o)
                0x000093e8                __muldf3
 .text          0x000097ac      0x258 c:/altera/11.1/nios2eds/bin/gnu/h-i686-mingw32/bin/../lib/gcc/nios2-elf/4.1.2/mno-hw-mul\libgcc.a(_div_df.o)
                0x000097ac                __divdf3
 .text          0x00009a04       0x88 c:/altera/11.1/nios2eds/bin/gnu/h-i686-mingw32/bin/../lib/gcc/nios2-elf/4.1.2/mno-hw-mul\libgcc.a(_eq_df.o)
                0x00009a04                __eqdf2
 .text          0x00009a8c       0x88 c:/altera/11.1/nios2eds/bin/gnu/h-i686-mingw32/bin/../lib/gcc/nios2-elf/4.1.2/mno-hw-mul\libgcc.a(_ne_df.o)
                0x00009a8c                __nedf2
 .text          0x00009b14       0x88 c:/altera/11.1/nios2eds/bin/gnu/h-i686-mingw32/bin/../lib/gcc/nios2-elf/4.1.2/mno-hw-mul\libgcc.a(_gt_df.o)
                0x00009b14                __gtdf2
 .text          0x00009b9c       0x88 c:/altera/11.1/nios2eds/bin/gnu/h-i686-mingw32/bin/../lib/gcc/nios2-elf/4.1.2/mno-hw-mul\libgcc.a(_ge_df.o)
                0x00009b9c                __gedf2
 .text          0x00009c24       0x88 c:/altera/11.1/nios2eds/bin/gnu/h-i686-mingw32/bin/../lib/gcc/nios2-elf/4.1.2/mno-hw-mul\libgcc.a(_lt_df.o)
                0x00009c24                __ltdf2
 .text          0x00009cac       0xf8 c:/altera/11.1/nios2eds/bin/gnu/h-i686-mingw32/bin/../lib/gcc/nios2-elf/4.1.2/mno-hw-mul\libgcc.a(_si_to_df.o)
                0x00009cac                __floatsidf
 .text          0x00009da4       0xd8 c:/altera/11.1/nios2eds/bin/gnu/h-i686-mingw32/bin/../lib/gcc/nios2-elf/4.1.2/mno-hw-mul\libgcc.a(_df_to_si.o)
                0x00009da4                __fixdfsi
 .text          0x00009e7c        0x0 c:/altera/11.1/nios2eds/bin/gnu/h-i686-mingw32/bin/../lib/gcc/nios2-elf/4.1.2/mno-hw-mul\libgcc.a(_thenan_df.o)
 .text          0x00009e7c      0x194 c:/altera/11.1/nios2eds/bin/gnu/h-i686-mingw32/bin/../lib/gcc/nios2-elf/4.1.2/mno-hw-mul\libgcc.a(_usi_to_df.o)
                0x00009e7c                __floatunsidf
 .text          0x0000a010      0x124 c:/altera/11.1/nios2eds/bin/gnu/h-i686-mingw32/bin/../lib/gcc/nios2-elf/4.1.2/mno-hw-mul\libgcc.a(_muldi3.o)
                0x0000a010                __muldi3
 .text          0x0000a134        0x0 c:/altera/11.1/nios2eds/bin/gnu/h-i686-mingw32/bin/../lib/gcc/nios2-elf/4.1.2/mno-hw-mul\libgcc.a(_clz.o)
 .text          0x0000a134       0x80 c:/altera/11.1/nios2eds/bin/gnu/h-i686-mingw32/bin/../lib/gcc/nios2-elf/4.1.2/mno-hw-mul\libgcc.a(_clzsi2.o)
                0x0000a134                __clzsi2
 .text          0x0000a1b4      0x314 c:/altera/11.1/nios2eds/bin/gnu/h-i686-mingw32/bin/../lib/gcc/nios2-elf/4.1.2/mno-hw-mul\libgcc.a(_pack_df.o)
                0x0000a1b4                __pack_d
 .text          0x0000a4c8      0x138 c:/altera/11.1/nios2eds/bin/gnu/h-i686-mingw32/bin/../lib/gcc/nios2-elf/4.1.2/mno-hw-mul\libgcc.a(_unpack_df.o)
                0x0000a4c8                __unpack_d
 .text          0x0000a600       0xc8 c:/altera/11.1/nios2eds/bin/gnu/h-i686-mingw32/bin/../lib/gcc/nios2-elf/4.1.2/mno-hw-mul\libgcc.a(_fpcmp_parts_df.o)
                0x0000a600                __fpcmp_parts_d
 .text          0x0000a6c8      0x154 Z:/Project3_bsp/\libhal_bsp.a(alt_alarm_start.o)
                0x0000a6c8                alt_alarm_start
 .text          0x0000a81c      0x160 Z:/Project3_bsp/\libhal_bsp.a(alt_close.o)
                0x0000a81c                close
 .text          0x0000a97c       0x2c Z:/Project3_bsp/\libhal_bsp.a(alt_dev.o)
 .text          0x0000a9a8        0x0 Z:/Project3_bsp/\libhal_bsp.a(alt_errno.o)
 .text          0x0000a9a8       0x60 Z:/Project3_bsp/\libhal_bsp.a(alt_exit.o)
                0x0000a9e8                _exit
 .text          0x0000aa08      0x138 Z:/Project3_bsp/\libhal_bsp.a(alt_fstat.o)
                0x0000aa08                fstat
 .text          0x0000ab40      0x124 Z:/Project3_bsp/\libhal_bsp.a(alt_isatty.o)
                0x0000ab40                isatty
 .text          0x0000ac64       0xec Z:/Project3_bsp/\libhal_bsp.a(alt_load.o)
                0x0000ac64                alt_load
 .text          0x0000ad50      0x154 Z:/Project3_bsp/\libhal_bsp.a(alt_lseek.o)
                0x0000ad50                lseek
 .text          0x0000aea4       0x6c Z:/Project3_bsp/\libhal_bsp.a(alt_main.o)
                0x0000aea4                alt_main
 .text          0x0000af10       0x40 Z:/Project3_bsp/\libhal_bsp.a(alt_malloc_lock.o)
                0x0000af10                __malloc_lock
                0x0000af30                __malloc_unlock
 .text          0x0000af50      0x258 Z:/Project3_bsp/\libhal_bsp.a(alt_printf.o)
                0x0000af50                alt_printf
 .text          0x0000b1a8       0x40 Z:/Project3_bsp/\libhal_bsp.a(alt_putchar.o)
                0x0000b1a8                alt_putchar
 .text          0x0000b1e8      0x184 Z:/Project3_bsp/\libhal_bsp.a(alt_read.o)
                0x0000b1e8                read
 .text          0x0000b36c       0x78 Z:/Project3_bsp/\libhal_bsp.a(alt_release_fd.o)
                0x0000b36c                alt_release_fd
 .text          0x0000b3e4       0xbc Z:/Project3_bsp/\libhal_bsp.a(alt_sbrk.o)
                0x0000b3e4                sbrk
 .text          0x0000b4a0      0x1a4 Z:/Project3_bsp/\libhal_bsp.a(alt_tick.o)
                0x0000b4a0                alt_alarm_stop
                0x0000b538                alt_tick
 .text          0x0000b644      0x184 Z:/Project3_bsp/\libhal_bsp.a(alt_write.o)
                0x0000b644                write
 .text          0x0000b7c8       0xc8 Z:/Project3_bsp/\libhal_bsp.a(alt_sys_init.o)
                0x0000b7c8                alt_irq_init
                0x0000b7fc                alt_sys_init
 .text          0x0000b890      0x148 Z:/Project3_bsp/\libhal_bsp.a(altera_avalon_jtag_uart_fd.o)
                0x0000b890                altera_avalon_jtag_uart_read_fd
                0x0000b8e8                altera_avalon_jtag_uart_write_fd
                0x0000b940                altera_avalon_jtag_uart_close_fd
                0x0000b988                altera_avalon_jtag_uart_ioctl_fd
 .text          0x0000b9d8      0x40c Z:/Project3_bsp/\libhal_bsp.a(altera_avalon_jtag_uart_init.o)
                0x0000b9d8                altera_avalon_jtag_uart_init
                0x0000bd70                altera_avalon_jtag_uart_close
 .text          0x0000bde4       0xf4 Z:/Project3_bsp/\libhal_bsp.a(altera_avalon_jtag_uart_ioctl.o)
                0x0000bde4                altera_avalon_jtag_uart_ioctl
 .text          0x0000bed8      0x224 Z:/Project3_bsp/\libhal_bsp.a(altera_avalon_jtag_uart_read.o)
                0x0000bed8                altera_avalon_jtag_uart_read
 .text          0x0000c0fc      0x240 Z:/Project3_bsp/\libhal_bsp.a(altera_avalon_jtag_uart_write.o)
                0x0000c0fc                altera_avalon_jtag_uart_write
 .text          0x0000c33c      0x100 Z:/Project3_bsp/\libhal_bsp.a(altera_avalon_timer_sc.o)
                0x0000c3ac                alt_avalon_timer_sc_init
 .text          0x0000c43c       0x1c Z:/Project3_bsp/\libhal_bsp.a(alt_dcache_flush_all.o)
                0x0000c43c                alt_dcache_flush_all
 .text          0x0000c458      0x114 Z:/Project3_bsp/\libhal_bsp.a(alt_dev_llist_insert.o)
                0x0000c458                alt_dev_llist_insert
 .text          0x0000c56c       0x64 Z:/Project3_bsp/\libhal_bsp.a(alt_do_ctors.o)
                0x0000c56c                _do_ctors
 .text          0x0000c5d0       0x64 Z:/Project3_bsp/\libhal_bsp.a(alt_do_dtors.o)
                0x0000c5d0                _do_dtors
 .text          0x0000c634       0x1c Z:/Project3_bsp/\libhal_bsp.a(alt_icache_flush_all.o)
                0x0000c634                alt_icache_flush_all
 .text          0x0000c650      0x1d4 Z:/Project3_bsp/\libhal_bsp.a(alt_iic.o)
                0x0000c650                alt_ic_isr_register
                0x0000c6a0                alt_ic_irq_enable
                0x0000c73c                alt_ic_irq_disable
                0x0000c7dc                alt_ic_irq_enabled
 .text          0x0000c824       0xf8 Z:/Project3_bsp/\libhal_bsp.a(alt_iic_isr_register.o)
                0x0000c824                alt_iic_isr_register
 .text          0x0000c91c      0x150 Z:/Project3_bsp/\libhal_bsp.a(alt_io_redirect.o)
                0x0000c9f4                alt_io_redirect
 .text          0x0000ca6c        0x0 Z:/Project3_bsp/\libhal_bsp.a(alt_irq_entry.o)
 .text          0x0000ca6c        0x0 Z:/Project3_bsp/\libhal_bsp.a(alt_irq_handler.o)
 .text          0x0000ca6c        0x0 Z:/Project3_bsp/\libhal_bsp.a(alt_irq_vars.o)
 .text          0x0000ca6c      0x2e4 Z:/Project3_bsp/\libhal_bsp.a(alt_open.o)
                0x0000cb64                open
 .text          0x0000cd50       0x20 Z:/Project3_bsp/\libhal_bsp.a(altera_nios2_irq.o)
                0x0000cd50                altera_nios2_irq_init
 .text          0x0000cd70        0x0 Z:/Project3_bsp/\libhal_bsp.a(alt_exception_entry.o)
 .text          0x0000cd70       0x94 Z:/Project3_bsp/\libhal_bsp.a(alt_find_dev.o)
                0x0000cd70                alt_find_dev
 .text          0x0000ce04      0x120 Z:/Project3_bsp/\libhal_bsp.a(alt_find_file.o)
                0x0000ce04                alt_find_file
 .text          0x0000cf24       0xd0 Z:/Project3_bsp/\libhal_bsp.a(alt_get_fd.o)
                0x0000cf24                alt_get_fd
 .text          0x0000cff4       0x14 c:/altera/11.1/nios2eds/bin/gnu/h-i686-mingw32/bin/../lib/gcc/nios2-elf/4.1.2/../../../../nios2-elf/lib/mno-hw-mul\libc.a(lib_a-atexit.o)
                0x0000cff4                atexit
 .text          0x0000d008       0x74 c:/altera/11.1/nios2eds/bin/gnu/h-i686-mingw32/bin/../lib/gcc/nios2-elf/4.1.2/../../../../nios2-elf/lib/mno-hw-mul\libc.a(lib_a-memcmp.o)
                0x0000d008                memcmp
 .text          0x0000d07c      0x1ec c:/altera/11.1/nios2eds/bin/gnu/h-i686-mingw32/bin/../lib/gcc/nios2-elf/4.1.2/../../../../nios2-elf/lib/mno-hw-mul\libc.a(lib_a-putc.o)
                0x0000d07c                putc
                0x0000d180                _putc_r
 .text          0x0000d268      0x14c c:/altera/11.1/nios2eds/bin/gnu/h-i686-mingw32/bin/../lib/gcc/nios2-elf/4.1.2/../../../../nios2-elf/lib/mno-hw-mul\libc.a(lib_a-wbuf.o)
                0x0000d268                __swbuf_r
                0x0000d398                __swbuf
 .text          0x0000d3b4      0x134 c:/altera/11.1/nios2eds/bin/gnu/h-i686-mingw32/bin/../lib/gcc/nios2-elf/4.1.2/../../../../nios2-elf/lib/mno-hw-mul\libc.a(lib_a-__atexit.o)
                0x0000d3b4                __register_exitproc
 *(.gnu.warning.*)
 *(.fini)
                0x0000d4e8                PROVIDE (__etext, ABSOLUTE (.))
                0x0000d4e8                PROVIDE (_etext, ABSOLUTE (.))
                0x0000d4e8                PROVIDE (etext, ABSOLUTE (.))
 *(.eh_frame_hdr)
                0x0000d4e8                . = ALIGN (0x4)
                0x0000d4e8                PROVIDE (__preinit_array_start, ABSOLUTE (.))
 *(.preinit_array)
                0x0000d4e8                PROVIDE (__preinit_array_end, ABSOLUTE (.))
                0x0000d4e8                PROVIDE (__init_array_start, ABSOLUTE (.))
 *(.init_array)
                0x0000d4e8                PROVIDE (__init_array_end, ABSOLUTE (.))
                0x0000d4e8                PROVIDE (__fini_array_start, ABSOLUTE (.))
 *(.fini_array)
                0x0000d4e8                PROVIDE (__fini_array_end, ABSOLUTE (.))
 *(.eh_frame)
 .eh_frame      0x0000d4e8       0x40 c:/altera/11.1/nios2eds/bin/gnu/h-i686-mingw32/bin/../lib/gcc/nios2-elf/4.1.2/mno-hw-mul\libgcc.a(_udivdi3.o)
 .eh_frame      0x0000d528       0x2c c:/altera/11.1/nios2eds/bin/gnu/h-i686-mingw32/bin/../lib/gcc/nios2-elf/4.1.2/mno-hw-mul\libgcc.a(_umoddi3.o)
                                 0x40 (size before relaxing)
 *(.gcc_except_table)
 *(.dynamic)
                0x0000d554                PROVIDE (__CTOR_LIST__, ABSOLUTE (.))
 *(.ctors)
 *(SORT(.ctors.*))
 .ctors.65535   0x0000d554        0x4 c:/altera/11.1/nios2eds/bin/gnu/h-i686-mingw32/bin/../lib/gcc/nios2-elf/4.1.2/../../../../nios2-elf/lib/mno-hw-mul\libc.a(lib_a-__call_atexit.o)
                0x0000d558                PROVIDE (__CTOR_END__, ABSOLUTE (.))
                0x0000d558                PROVIDE (__DTOR_LIST__, ABSOLUTE (.))
 *(.dtors)
 *(SORT(.dtors.*))
                0x0000d558                PROVIDE (__DTOR_END__, ABSOLUTE (.))
 *(.jcr)
                0x0000d558                . = ALIGN (0x4)

.rodata         0x0000d558      0x43c
                0x0000d558                PROVIDE (__ram_rodata_start, ABSOLUTE (.))
                0x0000d558                . = ALIGN (0x4)
 *(.rodata .rodata.* .gnu.linkonce.r.*)
 .rodata        0x0000d558       0x20 obj/default/alarm_handler.o
 .rodata        0x0000d578       0xa4 obj/default/project3.o
 .rodata        0x0000d61c       0x3c obj/default/thread_handler.o
 .rodata.str1.4
                0x0000d658        0x2 c:/altera/11.1/nios2eds/bin/gnu/h-i686-mingw32/bin/../lib/gcc/nios2-elf/4.1.2/../../../../nios2-elf/lib/mno-hw-mul\libc.a(lib_a-impure.o)
                                  0x4 (size before relaxing)
 *fill*         0x0000d65a        0x2 00
 .rodata.str1.4
                0x0000d65c        0x2 c:/altera/11.1/nios2eds/bin/gnu/h-i686-mingw32/bin/../lib/gcc/nios2-elf/4.1.2/../../../../nios2-elf/lib/mno-hw-mul\libc.a(lib_a-puts.o)
                                  0x4 (size before relaxing)
 *fill*         0x0000d65e        0x2 00
 .rodata.str1.4
                0x0000d660       0x5e c:/altera/11.1/nios2eds/bin/gnu/h-i686-mingw32/bin/../lib/gcc/nios2-elf/4.1.2/../../../../nios2-elf/lib/mno-hw-mul\libc.a(lib_a-vfprintf.o)
                                 0x60 (size before relaxing)
 .rodata        0x0000d6be       0x20 c:/altera/11.1/nios2eds/bin/gnu/h-i686-mingw32/bin/../lib/gcc/nios2-elf/4.1.2/../../../../nios2-elf/lib/mno-hw-mul\libc.a(lib_a-vfprintf.o)
 *fill*         0x0000d6de        0x2 00
 .rodata.str1.4
                0x0000d6e0       0x10 c:/altera/11.1/nios2eds/bin/gnu/h-i686-mingw32/bin/../lib/gcc/nios2-elf/4.1.2/../../../../nios2-elf/lib/mno-hw-mul\libc.a(lib_a-dtoa.o)
                                 0x14 (size before relaxing)
 .rodata.str1.4
                0x0000d6f0       0x10 c:/altera/11.1/nios2eds/bin/gnu/h-i686-mingw32/bin/../lib/gcc/nios2-elf/4.1.2/../../../../nios2-elf/lib/mno-hw-mul\libc.a(lib_a-locale.o)
                                 0x18 (size before relaxing)
 .rodata        0x0000d700       0x30 c:/altera/11.1/nios2eds/bin/gnu/h-i686-mingw32/bin/../lib/gcc/nios2-elf/4.1.2/../../../../nios2-elf/lib/mno-hw-mul\libc.a(lib_a-locale.o)
 .rodata        0x0000d730      0x124 c:/altera/11.1/nios2eds/bin/gnu/h-i686-mingw32/bin/../lib/gcc/nios2-elf/4.1.2/../../../../nios2-elf/lib/mno-hw-mul\libc.a(lib_a-mprec.o)
                0x0000d730                __mprec_tens
                0x0000d7f8                __mprec_bigtens
                0x0000d820                __mprec_tinytens
 .rodata        0x0000d854       0x14 c:/altera/11.1/nios2eds/bin/gnu/h-i686-mingw32/bin/../lib/gcc/nios2-elf/4.1.2/mno-hw-mul\libgcc.a(_thenan_df.o)
                0x0000d854                __thenan_df
 .rodata        0x0000d868      0x100 c:/altera/11.1/nios2eds/bin/gnu/h-i686-mingw32/bin/../lib/gcc/nios2-elf/4.1.2/mno-hw-mul\libgcc.a(_clz.o)
                0x0000d868                __clz_tab
 .rodata        0x0000d968        0xc Z:/Project3_bsp/\libhal_bsp.a(alt_dev.o)
 .rodata        0x0000d974       0x10 Z:/Project3_bsp/\libhal_bsp.a(alt_main.o)
 .rodata        0x0000d984       0x10 Z:/Project3_bsp/\libhal_bsp.a(alt_sys_init.o)
 *(.rodata1)
                0x0000d994                . = ALIGN (0x4)
                0x0000d994                PROVIDE (__ram_rodata_end, ABSOLUTE (.))
                0x0000d558                PROVIDE (__flash_rodata_start, LOADADDR (.rodata))

.rwdata         0x0000d994     0x1a5c load address 0x0000f3f0
                0x0000d994                PROVIDE (__ram_rwdata_start, ABSOLUTE (.))
                0x0000d994                . = ALIGN (0x4)
 *(.got.plt)
 *(.got)
 *(.data1)
 *(.data .data.* .gnu.linkonce.d.*)
 .data          0x0000d994        0x0 Z:/Project3_bsp//obj/HAL/src/crt0.o
 .data          0x0000d994        0x0 obj/default/alarm_handler.o
 .data          0x0000d994        0x0 obj/default/project3.o
 .data          0x0000d994        0x0 obj/default/thread_handler.o
 .data          0x0000d994        0x0 obj/default/exception_handler.o
 .data          0x0000d994        0x0 c:/altera/11.1/nios2eds/bin/gnu/h-i686-mingw32/bin/../lib/gcc/nios2-elf/4.1.2/mno-hw-mul\libgcc.a(lib2-divmod.o)
 .data          0x0000d994        0x0 c:/altera/11.1/nios2eds/bin/gnu/h-i686-mingw32/bin/../lib/gcc/nios2-elf/4.1.2/mno-hw-mul\libgcc.a(lib2-mul.o)
 .data          0x0000d994        0x0 c:/altera/11.1/nios2eds/bin/gnu/h-i686-mingw32/bin/../lib/gcc/nios2-elf/4.1.2/../../../../nios2-elf/lib/mno-hw-mul\libc.a(lib_a-exit.o)
 .data          0x0000d994      0x400 c:/altera/11.1/nios2eds/bin/gnu/h-i686-mingw32/bin/../lib/gcc/nios2-elf/4.1.2/../../../../nios2-elf/lib/mno-hw-mul\libc.a(lib_a-impure.o)
 .data          0x0000dd94        0x0 c:/altera/11.1/nios2eds/bin/gnu/h-i686-mingw32/bin/../lib/gcc/nios2-elf/4.1.2/../../../../nios2-elf/lib/mno-hw-mul\libc.a(lib_a-malloc.o)
 .data          0x0000dd94      0x408 c:/altera/11.1/nios2eds/bin/gnu/h-i686-mingw32/bin/../lib/gcc/nios2-elf/4.1.2/../../../../nios2-elf/lib/mno-hw-mul\libc.a(lib_a-mallocr.o)
                0x0000dd94                __malloc_av_
 .data          0x0000e19c        0x0 c:/altera/11.1/nios2eds/bin/gnu/h-i686-mingw32/bin/../lib/gcc/nios2-elf/4.1.2/../../../../nios2-elf/lib/mno-hw-mul\libc.a(lib_a-printf.o)
 .data          0x0000e19c        0x0 c:/altera/11.1/nios2eds/bin/gnu/h-i686-mingw32/bin/../lib/gcc/nios2-elf/4.1.2/../../../../nios2-elf/lib/mno-hw-mul\libc.a(lib_a-puts.o)
 .data          0x0000e19c        0x0 c:/altera/11.1/nios2eds/bin/gnu/h-i686-mingw32/bin/../lib/gcc/nios2-elf/4.1.2/../../../../nios2-elf/lib/mno-hw-mul\libc.a(lib_a-sbrkr.o)
 .data          0x0000e19c        0x0 c:/altera/11.1/nios2eds/bin/gnu/h-i686-mingw32/bin/../lib/gcc/nios2-elf/4.1.2/../../../../nios2-elf/lib/mno-hw-mul\libc.a(lib_a-strlen.o)
 .data          0x0000e19c        0x0 c:/altera/11.1/nios2eds/bin/gnu/h-i686-mingw32/bin/../lib/gcc/nios2-elf/4.1.2/../../../../nios2-elf/lib/mno-hw-mul\libc.a(lib_a-vfprintf.o)
 .data          0x0000e19c        0x0 c:/altera/11.1/nios2eds/bin/gnu/h-i686-mingw32/bin/../lib/gcc/nios2-elf/4.1.2/../../../../nios2-elf/lib/mno-hw-mul\libc.a(lib_a-wsetup.o)
 .data          0x0000e19c        0x0 c:/altera/11.1/nios2eds/bin/gnu/h-i686-mingw32/bin/../lib/gcc/nios2-elf/4.1.2/../../../../nios2-elf/lib/mno-hw-mul\libc.a(lib_a-__call_atexit.o)
 .data          0x0000e19c        0x0 c:/altera/11.1/nios2eds/bin/gnu/h-i686-mingw32/bin/../lib/gcc/nios2-elf/4.1.2/../../../../nios2-elf/lib/mno-hw-mul\libc.a(lib_a-dtoa.o)
 .data          0x0000e19c        0x0 c:/altera/11.1/nios2eds/bin/gnu/h-i686-mingw32/bin/../lib/gcc/nios2-elf/4.1.2/../../../../nios2-elf/lib/mno-hw-mul\libc.a(lib_a-fflush.o)
 .data          0x0000e19c        0x0 c:/altera/11.1/nios2eds/bin/gnu/h-i686-mingw32/bin/../lib/gcc/nios2-elf/4.1.2/../../../../nios2-elf/lib/mno-hw-mul\libc.a(lib_a-findfp.o)
 .data          0x0000e19c        0x0 c:/altera/11.1/nios2eds/bin/gnu/h-i686-mingw32/bin/../lib/gcc/nios2-elf/4.1.2/../../../../nios2-elf/lib/mno-hw-mul\libc.a(lib_a-freer.o)
 .data          0x0000e19c        0x0 c:/altera/11.1/nios2eds/bin/gnu/h-i686-mingw32/bin/../lib/gcc/nios2-elf/4.1.2/../../../../nios2-elf/lib/mno-hw-mul\libc.a(lib_a-fvwrite.o)
 .data          0x0000e19c        0x0 c:/altera/11.1/nios2eds/bin/gnu/h-i686-mingw32/bin/../lib/gcc/nios2-elf/4.1.2/../../../../nios2-elf/lib/mno-hw-mul\libc.a(lib_a-fwalk.o)
 .data          0x0000e19c        0x0 c:/altera/11.1/nios2eds/bin/gnu/h-i686-mingw32/bin/../lib/gcc/nios2-elf/4.1.2/../../../../nios2-elf/lib/mno-hw-mul\libc.a(lib_a-int_errno.o)
 .data          0x0000e19c        0xc c:/altera/11.1/nios2eds/bin/gnu/h-i686-mingw32/bin/../lib/gcc/nios2-elf/4.1.2/../../../../nios2-elf/lib/mno-hw-mul\libc.a(lib_a-locale.o)
                0x0000e19c                __lc_ctype
 .data          0x0000e1a8        0x0 c:/altera/11.1/nios2eds/bin/gnu/h-i686-mingw32/bin/../lib/gcc/nios2-elf/4.1.2/../../../../nios2-elf/lib/mno-hw-mul\libc.a(lib_a-makebuf.o)
 .data          0x0000e1a8        0x0 c:/altera/11.1/nios2eds/bin/gnu/h-i686-mingw32/bin/../lib/gcc/nios2-elf/4.1.2/../../../../nios2-elf/lib/mno-hw-mul\libc.a(lib_a-memchr.o)
 .data          0x0000e1a8        0x0 c:/altera/11.1/nios2eds/bin/gnu/h-i686-mingw32/bin/../lib/gcc/nios2-elf/4.1.2/../../../../nios2-elf/lib/mno-hw-mul\libc.a(lib_a-memcpy.o)
 .data          0x0000e1a8        0x0 c:/altera/11.1/nios2eds/bin/gnu/h-i686-mingw32/bin/../lib/gcc/nios2-elf/4.1.2/../../../../nios2-elf/lib/mno-hw-mul\libc.a(lib_a-memmove.o)
 .data          0x0000e1a8        0x0 c:/altera/11.1/nios2eds/bin/gnu/h-i686-mingw32/bin/../lib/gcc/nios2-elf/4.1.2/../../../../nios2-elf/lib/mno-hw-mul\libc.a(lib_a-memset.o)
 .data          0x0000e1a8        0x0 c:/altera/11.1/nios2eds/bin/gnu/h-i686-mingw32/bin/../lib/gcc/nios2-elf/4.1.2/../../../../nios2-elf/lib/mno-hw-mul\libc.a(lib_a-mprec.o)
 .data          0x0000e1a8        0x0 c:/altera/11.1/nios2eds/bin/gnu/h-i686-mingw32/bin/../lib/gcc/nios2-elf/4.1.2/../../../../nios2-elf/lib/mno-hw-mul\libc.a(lib_a-reallocr.o)
 .data          0x0000e1a8        0x0 c:/altera/11.1/nios2eds/bin/gnu/h-i686-mingw32/bin/../lib/gcc/nios2-elf/4.1.2/../../../../nios2-elf/lib/mno-hw-mul\libc.a(lib_a-s_isinfd.o)
 .data          0x0000e1a8        0x0 c:/altera/11.1/nios2eds/bin/gnu/h-i686-mingw32/bin/../lib/gcc/nios2-elf/4.1.2/../../../../nios2-elf/lib/mno-hw-mul\libc.a(lib_a-s_isnand.o)
 .data          0x0000e1a8        0x0 c:/altera/11.1/nios2eds/bin/gnu/h-i686-mingw32/bin/../lib/gcc/nios2-elf/4.1.2/../../../../nios2-elf/lib/mno-hw-mul\libc.a(lib_a-stdio.o)
 .data          0x0000e1a8        0x0 c:/altera/11.1/nios2eds/bin/gnu/h-i686-mingw32/bin/../lib/gcc/nios2-elf/4.1.2/../../../../nios2-elf/lib/mno-hw-mul\libc.a(lib_a-strcmp.o)
 .data          0x0000e1a8        0x0 c:/altera/11.1/nios2eds/bin/gnu/h-i686-mingw32/bin/../lib/gcc/nios2-elf/4.1.2/../../../../nios2-elf/lib/mno-hw-mul\libc.a(lib_a-writer.o)
 .data          0x0000e1a8        0x0 c:/altera/11.1/nios2eds/bin/gnu/h-i686-mingw32/bin/../lib/gcc/nios2-elf/4.1.2/../../../../nios2-elf/lib/mno-hw-mul\libc.a(lib_a-callocr.o)
 .data          0x0000e1a8        0x0 c:/altera/11.1/nios2eds/bin/gnu/h-i686-mingw32/bin/../lib/gcc/nios2-elf/4.1.2/../../../../nios2-elf/lib/mno-hw-mul\libc.a(lib_a-closer.o)
 .data          0x0000e1a8        0x0 c:/altera/11.1/nios2eds/bin/gnu/h-i686-mingw32/bin/../lib/gcc/nios2-elf/4.1.2/../../../../nios2-elf/lib/mno-hw-mul\libc.a(lib_a-fclose.o)
 .data          0x0000e1a8        0x0 c:/altera/11.1/nios2eds/bin/gnu/h-i686-mingw32/bin/../lib/gcc/nios2-elf/4.1.2/../../../../nios2-elf/lib/mno-hw-mul\libc.a(lib_a-fstatr.o)
 .data          0x0000e1a8        0x0 c:/altera/11.1/nios2eds/bin/gnu/h-i686-mingw32/bin/../lib/gcc/nios2-elf/4.1.2/../../../../nios2-elf/lib/mno-hw-mul\libc.a(lib_a-isattyr.o)
 .data          0x0000e1a8        0x0 c:/altera/11.1/nios2eds/bin/gnu/h-i686-mingw32/bin/../lib/gcc/nios2-elf/4.1.2/../../../../nios2-elf/lib/mno-hw-mul\libc.a(lib_a-lseekr.o)
 .data          0x0000e1a8        0x0 c:/altera/11.1/nios2eds/bin/gnu/h-i686-mingw32/bin/../lib/gcc/nios2-elf/4.1.2/../../../../nios2-elf/lib/mno-hw-mul\libc.a(lib_a-readr.o)
 .data          0x0000e1a8        0x0 c:/altera/11.1/nios2eds/bin/gnu/h-i686-mingw32/bin/../lib/gcc/nios2-elf/4.1.2/mno-hw-mul\libgcc.a(_udivdi3.o)
 .data          0x0000e1a8        0x0 c:/altera/11.1/nios2eds/bin/gnu/h-i686-mingw32/bin/../lib/gcc/nios2-elf/4.1.2/mno-hw-mul\libgcc.a(_umoddi3.o)
 .data          0x0000e1a8        0x0 c:/altera/11.1/nios2eds/bin/gnu/h-i686-mingw32/bin/../lib/gcc/nios2-elf/4.1.2/mno-hw-mul\libgcc.a(_addsub_df.o)
 .data          0x0000e1a8        0x0 c:/altera/11.1/nios2eds/bin/gnu/h-i686-mingw32/bin/../lib/gcc/nios2-elf/4.1.2/mno-hw-mul\libgcc.a(_mul_df.o)
 .data          0x0000e1a8        0x0 c:/altera/11.1/nios2eds/bin/gnu/h-i686-mingw32/bin/../lib/gcc/nios2-elf/4.1.2/mno-hw-mul\libgcc.a(_div_df.o)
 .data          0x0000e1a8        0x0 c:/altera/11.1/nios2eds/bin/gnu/h-i686-mingw32/bin/../lib/gcc/nios2-elf/4.1.2/mno-hw-mul\libgcc.a(_eq_df.o)
 .data          0x0000e1a8        0x0 c:/altera/11.1/nios2eds/bin/gnu/h-i686-mingw32/bin/../lib/gcc/nios2-elf/4.1.2/mno-hw-mul\libgcc.a(_ne_df.o)
 .data          0x0000e1a8        0x0 c:/altera/11.1/nios2eds/bin/gnu/h-i686-mingw32/bin/../lib/gcc/nios2-elf/4.1.2/mno-hw-mul\libgcc.a(_gt_df.o)
 .data          0x0000e1a8        0x0 c:/altera/11.1/nios2eds/bin/gnu/h-i686-mingw32/bin/../lib/gcc/nios2-elf/4.1.2/mno-hw-mul\libgcc.a(_ge_df.o)
 .data          0x0000e1a8        0x0 c:/altera/11.1/nios2eds/bin/gnu/h-i686-mingw32/bin/../lib/gcc/nios2-elf/4.1.2/mno-hw-mul\libgcc.a(_lt_df.o)
 .data          0x0000e1a8        0x0 c:/altera/11.1/nios2eds/bin/gnu/h-i686-mingw32/bin/../lib/gcc/nios2-elf/4.1.2/mno-hw-mul\libgcc.a(_si_to_df.o)
 .data          0x0000e1a8        0x0 c:/altera/11.1/nios2eds/bin/gnu/h-i686-mingw32/bin/../lib/gcc/nios2-elf/4.1.2/mno-hw-mul\libgcc.a(_df_to_si.o)
 .data          0x0000e1a8        0x0 c:/altera/11.1/nios2eds/bin/gnu/h-i686-mingw32/bin/../lib/gcc/nios2-elf/4.1.2/mno-hw-mul\libgcc.a(_thenan_df.o)
 .data          0x0000e1a8        0x0 c:/altera/11.1/nios2eds/bin/gnu/h-i686-mingw32/bin/../lib/gcc/nios2-elf/4.1.2/mno-hw-mul\libgcc.a(_usi_to_df.o)
 .data          0x0000e1a8        0x0 c:/altera/11.1/nios2eds/bin/gnu/h-i686-mingw32/bin/../lib/gcc/nios2-elf/4.1.2/mno-hw-mul\libgcc.a(_muldi3.o)
 .data          0x0000e1a8        0x0 c:/altera/11.1/nios2eds/bin/gnu/h-i686-mingw32/bin/../lib/gcc/nios2-elf/4.1.2/mno-hw-mul\libgcc.a(_clz.o)
 .data          0x0000e1a8        0x0 c:/altera/11.1/nios2eds/bin/gnu/h-i686-mingw32/bin/../lib/gcc/nios2-elf/4.1.2/mno-hw-mul\libgcc.a(_clzsi2.o)
 .data          0x0000e1a8        0x0 c:/altera/11.1/nios2eds/bin/gnu/h-i686-mingw32/bin/../lib/gcc/nios2-elf/4.1.2/mno-hw-mul\libgcc.a(_pack_df.o)
 .data          0x0000e1a8        0x0 c:/altera/11.1/nios2eds/bin/gnu/h-i686-mingw32/bin/../lib/gcc/nios2-elf/4.1.2/mno-hw-mul\libgcc.a(_unpack_df.o)
 .data          0x0000e1a8        0x0 c:/altera/11.1/nios2eds/bin/gnu/h-i686-mingw32/bin/../lib/gcc/nios2-elf/4.1.2/mno-hw-mul\libgcc.a(_fpcmp_parts_df.o)
 .data          0x0000e1a8        0x0 Z:/Project3_bsp/\libhal_bsp.a(alt_alarm_start.o)
 .data          0x0000e1a8        0x0 Z:/Project3_bsp/\libhal_bsp.a(alt_close.o)
 .data          0x0000e1a8      0x1a8 Z:/Project3_bsp/\libhal_bsp.a(alt_dev.o)
                0x0000e1a8                alt_dev_null
                0x0000e1d0                alt_fd_list
 .data          0x0000e350        0x0 Z:/Project3_bsp/\libhal_bsp.a(alt_errno.o)
 .data          0x0000e350        0x0 Z:/Project3_bsp/\libhal_bsp.a(alt_exit.o)
 .data          0x0000e350        0x0 Z:/Project3_bsp/\libhal_bsp.a(alt_fstat.o)
 .data          0x0000e350        0x0 Z:/Project3_bsp/\libhal_bsp.a(alt_isatty.o)
 .data          0x0000e350        0x0 Z:/Project3_bsp/\libhal_bsp.a(alt_load.o)
 .data          0x0000e350        0x0 Z:/Project3_bsp/\libhal_bsp.a(alt_lseek.o)
 .data          0x0000e350        0x0 Z:/Project3_bsp/\libhal_bsp.a(alt_main.o)
 .data          0x0000e350        0x0 Z:/Project3_bsp/\libhal_bsp.a(alt_malloc_lock.o)
 .data          0x0000e350        0x0 Z:/Project3_bsp/\libhal_bsp.a(alt_printf.o)
 .data          0x0000e350        0x0 Z:/Project3_bsp/\libhal_bsp.a(alt_putchar.o)
 .data          0x0000e350        0x0 Z:/Project3_bsp/\libhal_bsp.a(alt_read.o)
 .data          0x0000e350        0x0 Z:/Project3_bsp/\libhal_bsp.a(alt_release_fd.o)
 .data          0x0000e350        0x0 Z:/Project3_bsp/\libhal_bsp.a(alt_sbrk.o)
 .data          0x0000e350        0x0 Z:/Project3_bsp/\libhal_bsp.a(alt_tick.o)
 .data          0x0000e350        0x0 Z:/Project3_bsp/\libhal_bsp.a(alt_write.o)
 .data          0x0000e350     0x1060 Z:/Project3_bsp/\libhal_bsp.a(alt_sys_init.o)
 .data          0x0000f3b0        0x0 Z:/Project3_bsp/\libhal_bsp.a(altera_avalon_jtag_uart_fd.o)
 .data          0x0000f3b0        0x0 Z:/Project3_bsp/\libhal_bsp.a(altera_avalon_jtag_uart_init.o)
 .data          0x0000f3b0        0x0 Z:/Project3_bsp/\libhal_bsp.a(altera_avalon_jtag_uart_ioctl.o)
 .data          0x0000f3b0        0x0 Z:/Project3_bsp/\libhal_bsp.a(altera_avalon_jtag_uart_read.o)
 .data          0x0000f3b0        0x0 Z:/Project3_bsp/\libhal_bsp.a(altera_avalon_jtag_uart_write.o)
 .data          0x0000f3b0        0x0 Z:/Project3_bsp/\libhal_bsp.a(altera_avalon_timer_sc.o)
 .data          0x0000f3b0        0x0 Z:/Project3_bsp/\libhal_bsp.a(alt_dcache_flush_all.o)
 .data          0x0000f3b0        0x0 Z:/Project3_bsp/\libhal_bsp.a(alt_dev_llist_insert.o)
 .data          0x0000f3b0        0x0 Z:/Project3_bsp/\libhal_bsp.a(alt_do_ctors.o)
 .data          0x0000f3b0        0x0 Z:/Project3_bsp/\libhal_bsp.a(alt_do_dtors.o)
 .data          0x0000f3b0        0x0 Z:/Project3_bsp/\libhal_bsp.a(alt_icache_flush_all.o)
 .data          0x0000f3b0        0x0 Z:/Project3_bsp/\libhal_bsp.a(alt_iic.o)
 .data          0x0000f3b0        0x0 Z:/Project3_bsp/\libhal_bsp.a(alt_iic_isr_register.o)
 .data          0x0000f3b0        0x0 Z:/Project3_bsp/\libhal_bsp.a(alt_io_redirect.o)
 .data          0x0000f3b0        0x0 Z:/Project3_bsp/\libhal_bsp.a(alt_irq_entry.o)
 .data          0x0000f3b0        0x0 Z:/Project3_bsp/\libhal_bsp.a(alt_irq_handler.o)
 .data          0x0000f3b0        0x0 Z:/Project3_bsp/\libhal_bsp.a(alt_irq_vars.o)
 .data          0x0000f3b0        0x0 Z:/Project3_bsp/\libhal_bsp.a(alt_open.o)
 .data          0x0000f3b0        0x0 Z:/Project3_bsp/\libhal_bsp.a(altera_nios2_irq.o)
 .data          0x0000f3b0        0x0 Z:/Project3_bsp/\libhal_bsp.a(alt_exception_entry.o)
 .data          0x0000f3b0        0x0 Z:/Project3_bsp/\libhal_bsp.a(alt_find_dev.o)
 .data          0x0000f3b0        0x0 Z:/Project3_bsp/\libhal_bsp.a(alt_find_file.o)
 .data          0x0000f3b0        0x0 Z:/Project3_bsp/\libhal_bsp.a(alt_get_fd.o)
 .data          0x0000f3b0        0x0 c:/altera/11.1/nios2eds/bin/gnu/h-i686-mingw32/bin/../lib/gcc/nios2-elf/4.1.2/../../../../nios2-elf/lib/mno-hw-mul\libc.a(lib_a-atexit.o)
 .data          0x0000f3b0        0x0 c:/altera/11.1/nios2eds/bin/gnu/h-i686-mingw32/bin/../lib/gcc/nios2-elf/4.1.2/../../../../nios2-elf/lib/mno-hw-mul\libc.a(lib_a-memcmp.o)
 .data          0x0000f3b0        0x0 c:/altera/11.1/nios2eds/bin/gnu/h-i686-mingw32/bin/../lib/gcc/nios2-elf/4.1.2/../../../../nios2-elf/lib/mno-hw-mul\libc.a(lib_a-putc.o)
 .data          0x0000f3b0        0x0 c:/altera/11.1/nios2eds/bin/gnu/h-i686-mingw32/bin/../lib/gcc/nios2-elf/4.1.2/../../../../nios2-elf/lib/mno-hw-mul\libc.a(lib_a-wbuf.o)
 .data          0x0000f3b0        0x0 c:/altera/11.1/nios2eds/bin/gnu/h-i686-mingw32/bin/../lib/gcc/nios2-elf/4.1.2/../../../../nios2-elf/lib/mno-hw-mul\libc.a(lib_a-__atexit.o)
                0x000173b0                _gp = ABSOLUTE ((. + 0x8000))
                0x000173b0                PROVIDE (gp, _gp)
 *(.rwdata .rwdata.*)
 *(.sdata .sdata.* .gnu.linkonce.s.*)
 .sdata         0x0000f3b0        0x8 c:/altera/11.1/nios2eds/bin/gnu/h-i686-mingw32/bin/../lib/gcc/nios2-elf/4.1.2/../../../../nios2-elf/lib/mno-hw-mul\libc.a(lib_a-impure.o)
                0x0000f3b0                _impure_ptr
                0x0000f3b4                _global_impure_ptr
 .sdata         0x0000f3b8        0x8 c:/altera/11.1/nios2eds/bin/gnu/h-i686-mingw32/bin/../lib/gcc/nios2-elf/4.1.2/../../../../nios2-elf/lib/mno-hw-mul\libc.a(lib_a-mallocr.o)
                0x0000f3b8                __malloc_trim_threshold
                0x0000f3bc                __malloc_sbrk_base
 .sdata         0x0000f3c0        0x8 c:/altera/11.1/nios2eds/bin/gnu/h-i686-mingw32/bin/../lib/gcc/nios2-elf/4.1.2/../../../../nios2-elf/lib/mno-hw-mul\libc.a(lib_a-locale.o)
                0x0000f3c0                __mb_cur_max
 .sdata         0x0000f3c8       0x14 Z:/Project3_bsp/\libhal_bsp.a(alt_dev.o)
                0x0000f3c8                alt_fs_list
                0x0000f3d0                alt_dev_list
                0x0000f3d8                alt_max_fd
 .sdata         0x0000f3dc        0x4 Z:/Project3_bsp/\libhal_bsp.a(alt_errno.o)
                0x0000f3dc                alt_errno
 .sdata         0x0000f3e0        0x4 Z:/Project3_bsp/\libhal_bsp.a(alt_sbrk.o)
 .sdata         0x0000f3e4        0x8 Z:/Project3_bsp/\libhal_bsp.a(alt_tick.o)
                0x0000f3e4                alt_alarm_list
 .sdata         0x0000f3ec        0x4 Z:/Project3_bsp/\libhal_bsp.a(alt_irq_vars.o)
                0x0000f3ec                alt_priority_mask
 *(.sdata2 .sdata2.* .gnu.linkonce.s2.*)
                0x0000f3f0                . = ALIGN (0x4)
                0x0000f3f0                _edata = ABSOLUTE (.)
                0x0000f3f0                PROVIDE (edata, ABSOLUTE (.))
                0x0000f3f0                PROVIDE (__ram_rwdata_end, ABSOLUTE (.))
                0x0000f3f0                PROVIDE (__flash_rwdata_start, LOADADDR (.rwdata))

.bss            0x00010e4c      0x348
                0x00010e4c                __bss_start = ABSOLUTE (.)
                0x00010e4c                PROVIDE (__sbss_start, ABSOLUTE (.))
                0x00010e4c                PROVIDE (___sbss_start, ABSOLUTE (.))
 *(.dynsbss)
 *(.sbss .sbss.* .gnu.linkonce.sb.*)
 .sbss          0x00010e4c        0x4 obj/default/alarm_handler.o
                0x00010e4c                alarmflag
 .sbss          0x00010e50       0x10 obj/default/thread_handler.o
                0x00010e50                readyQIndex
                0x00010e54                readyQdequeue
 .sbss          0x00010e60        0xc c:/altera/11.1/nios2eds/bin/gnu/h-i686-mingw32/bin/../lib/gcc/nios2-elf/4.1.2/../../../../nios2-elf/lib/mno-hw-mul\libc.a(lib_a-mallocr.o)
                0x00010e60                __malloc_top_pad
                0x00010e64                __malloc_max_sbrked_mem
                0x00010e68                __malloc_max_total_mem
 .sbss          0x00010e6c        0x4 c:/altera/11.1/nios2eds/bin/gnu/h-i686-mingw32/bin/../lib/gcc/nios2-elf/4.1.2/../../../../nios2-elf/lib/mno-hw-mul\libc.a(lib_a-int_errno.o)
                0x00010e6c                errno
 .sbss          0x00010e70        0xc c:/altera/11.1/nios2eds/bin/gnu/h-i686-mingw32/bin/../lib/gcc/nios2-elf/4.1.2/../../../../nios2-elf/lib/mno-hw-mul\libc.a(lib_a-locale.o)
                0x00010e70                __nlocale_changed
                0x00010e74                __mlocale_changed
                0x00010e78                _PathLocale
 .sbss          0x00010e7c        0xc Z:/Project3_bsp/\libhal_bsp.a(alt_main.o)
                0x00010e7c                alt_argc
                0x00010e80                alt_argv
                0x00010e84                alt_envp
 .sbss          0x00010e88        0x8 Z:/Project3_bsp/\libhal_bsp.a(alt_tick.o)
                0x00010e88                _alt_tick_rate
                0x00010e8c                _alt_nticks
 .sbss          0x00010e90        0x4 Z:/Project3_bsp/\libhal_bsp.a(alt_irq_vars.o)
                0x00010e90                alt_irq_active
 *(.sbss2 .sbss2.* .gnu.linkonce.sb2.*)
 *(.scommon)
                0x00010e94                PROVIDE (__sbss_end, ABSOLUTE (.))
                0x00010e94                PROVIDE (___sbss_end, ABSOLUTE (.))
 *(.dynbss)
 *(.bss .bss.* .gnu.linkonce.b.*)
 .bss           0x00010e94        0x0 Z:/Project3_bsp//obj/HAL/src/crt0.o
 .bss           0x00010e94       0x18 obj/default/alarm_handler.o
 .bss           0x00010eac        0x0 obj/default/project3.o
 .bss           0x00010eac       0x30 obj/default/thread_handler.o
                0x00010eac                readyQ
 .bss           0x00010edc        0x0 obj/default/exception_handler.o
 .bss           0x00010edc        0x0 c:/altera/11.1/nios2eds/bin/gnu/h-i686-mingw32/bin/../lib/gcc/nios2-elf/4.1.2/mno-hw-mul\libgcc.a(lib2-divmod.o)
 .bss           0x00010edc        0x0 c:/altera/11.1/nios2eds/bin/gnu/h-i686-mingw32/bin/../lib/gcc/nios2-elf/4.1.2/mno-hw-mul\libgcc.a(lib2-mul.o)
 .bss           0x00010edc        0x0 c:/altera/11.1/nios2eds/bin/gnu/h-i686-mingw32/bin/../lib/gcc/nios2-elf/4.1.2/../../../../nios2-elf/lib/mno-hw-mul\libc.a(lib_a-exit.o)
 .bss           0x00010edc        0x0 c:/altera/11.1/nios2eds/bin/gnu/h-i686-mingw32/bin/../lib/gcc/nios2-elf/4.1.2/../../../../nios2-elf/lib/mno-hw-mul\libc.a(lib_a-impure.o)
 .bss           0x00010edc        0x0 c:/altera/11.1/nios2eds/bin/gnu/h-i686-mingw32/bin/../lib/gcc/nios2-elf/4.1.2/../../../../nios2-elf/lib/mno-hw-mul\libc.a(lib_a-malloc.o)
 .bss           0x00010edc       0x28 c:/altera/11.1/nios2eds/bin/gnu/h-i686-mingw32/bin/../lib/gcc/nios2-elf/4.1.2/../../../../nios2-elf/lib/mno-hw-mul\libc.a(lib_a-mallocr.o)
                0x00010edc                __malloc_current_mallinfo
 .bss           0x00010f04        0x0 c:/altera/11.1/nios2eds/bin/gnu/h-i686-mingw32/bin/../lib/gcc/nios2-elf/4.1.2/../../../../nios2-elf/lib/mno-hw-mul\libc.a(lib_a-printf.o)
 .bss           0x00010f04        0x0 c:/altera/11.1/nios2eds/bin/gnu/h-i686-mingw32/bin/../lib/gcc/nios2-elf/4.1.2/../../../../nios2-elf/lib/mno-hw-mul\libc.a(lib_a-puts.o)
 .bss           0x00010f04        0x0 c:/altera/11.1/nios2eds/bin/gnu/h-i686-mingw32/bin/../lib/gcc/nios2-elf/4.1.2/../../../../nios2-elf/lib/mno-hw-mul\libc.a(lib_a-sbrkr.o)
 .bss           0x00010f04        0x0 c:/altera/11.1/nios2eds/bin/gnu/h-i686-mingw32/bin/../lib/gcc/nios2-elf/4.1.2/../../../../nios2-elf/lib/mno-hw-mul\libc.a(lib_a-strlen.o)
 .bss           0x00010f04        0x0 c:/altera/11.1/nios2eds/bin/gnu/h-i686-mingw32/bin/../lib/gcc/nios2-elf/4.1.2/../../../../nios2-elf/lib/mno-hw-mul\libc.a(lib_a-vfprintf.o)
 .bss           0x00010f04        0x0 c:/altera/11.1/nios2eds/bin/gnu/h-i686-mingw32/bin/../lib/gcc/nios2-elf/4.1.2/../../../../nios2-elf/lib/mno-hw-mul\libc.a(lib_a-wsetup.o)
 .bss           0x00010f04        0x0 c:/altera/11.1/nios2eds/bin/gnu/h-i686-mingw32/bin/../lib/gcc/nios2-elf/4.1.2/../../../../nios2-elf/lib/mno-hw-mul\libc.a(lib_a-__call_atexit.o)
 .bss           0x00010f04        0x0 c:/altera/11.1/nios2eds/bin/gnu/h-i686-mingw32/bin/../lib/gcc/nios2-elf/4.1.2/../../../../nios2-elf/lib/mno-hw-mul\libc.a(lib_a-dtoa.o)
 .bss           0x00010f04        0x0 c:/altera/11.1/nios2eds/bin/gnu/h-i686-mingw32/bin/../lib/gcc/nios2-elf/4.1.2/../../../../nios2-elf/lib/mno-hw-mul\libc.a(lib_a-fflush.o)
 .bss           0x00010f04        0x0 c:/altera/11.1/nios2eds/bin/gnu/h-i686-mingw32/bin/../lib/gcc/nios2-elf/4.1.2/../../../../nios2-elf/lib/mno-hw-mul\libc.a(lib_a-findfp.o)
 .bss           0x00010f04        0x0 c:/altera/11.1/nios2eds/bin/gnu/h-i686-mingw32/bin/../lib/gcc/nios2-elf/4.1.2/../../../../nios2-elf/lib/mno-hw-mul\libc.a(lib_a-freer.o)
 .bss           0x00010f04        0x0 c:/altera/11.1/nios2eds/bin/gnu/h-i686-mingw32/bin/../lib/gcc/nios2-elf/4.1.2/../../../../nios2-elf/lib/mno-hw-mul\libc.a(lib_a-fvwrite.o)
 .bss           0x00010f04        0x0 c:/altera/11.1/nios2eds/bin/gnu/h-i686-mingw32/bin/../lib/gcc/nios2-elf/4.1.2/../../../../nios2-elf/lib/mno-hw-mul\libc.a(lib_a-fwalk.o)
 .bss           0x00010f04        0x0 c:/altera/11.1/nios2eds/bin/gnu/h-i686-mingw32/bin/../lib/gcc/nios2-elf/4.1.2/../../../../nios2-elf/lib/mno-hw-mul\libc.a(lib_a-int_errno.o)
 .bss           0x00010f04        0x0 c:/altera/11.1/nios2eds/bin/gnu/h-i686-mingw32/bin/../lib/gcc/nios2-elf/4.1.2/../../../../nios2-elf/lib/mno-hw-mul\libc.a(lib_a-locale.o)
 .bss           0x00010f04        0x0 c:/altera/11.1/nios2eds/bin/gnu/h-i686-mingw32/bin/../lib/gcc/nios2-elf/4.1.2/../../../../nios2-elf/lib/mno-hw-mul\libc.a(lib_a-makebuf.o)
 .bss           0x00010f04        0x0 c:/altera/11.1/nios2eds/bin/gnu/h-i686-mingw32/bin/../lib/gcc/nios2-elf/4.1.2/../../../../nios2-elf/lib/mno-hw-mul\libc.a(lib_a-memchr.o)
 .bss           0x00010f04        0x0 c:/altera/11.1/nios2eds/bin/gnu/h-i686-mingw32/bin/../lib/gcc/nios2-elf/4.1.2/../../../../nios2-elf/lib/mno-hw-mul\libc.a(lib_a-memcpy.o)
 .bss           0x00010f04        0x0 c:/altera/11.1/nios2eds/bin/gnu/h-i686-mingw32/bin/../lib/gcc/nios2-elf/4.1.2/../../../../nios2-elf/lib/mno-hw-mul\libc.a(lib_a-memmove.o)
 .bss           0x00010f04        0x0 c:/altera/11.1/nios2eds/bin/gnu/h-i686-mingw32/bin/../lib/gcc/nios2-elf/4.1.2/../../../../nios2-elf/lib/mno-hw-mul\libc.a(lib_a-memset.o)
 .bss           0x00010f04        0x0 c:/altera/11.1/nios2eds/bin/gnu/h-i686-mingw32/bin/../lib/gcc/nios2-elf/4.1.2/../../../../nios2-elf/lib/mno-hw-mul\libc.a(lib_a-mprec.o)
 .bss           0x00010f04        0x0 c:/altera/11.1/nios2eds/bin/gnu/h-i686-mingw32/bin/../lib/gcc/nios2-elf/4.1.2/../../../../nios2-elf/lib/mno-hw-mul\libc.a(lib_a-reallocr.o)
 .bss           0x00010f04        0x0 c:/altera/11.1/nios2eds/bin/gnu/h-i686-mingw32/bin/../lib/gcc/nios2-elf/4.1.2/../../../../nios2-elf/lib/mno-hw-mul\libc.a(lib_a-s_isinfd.o)
 .bss           0x00010f04        0x0 c:/altera/11.1/nios2eds/bin/gnu/h-i686-mingw32/bin/../lib/gcc/nios2-elf/4.1.2/../../../../nios2-elf/lib/mno-hw-mul\libc.a(lib_a-s_isnand.o)
 .bss           0x00010f04        0x0 c:/altera/11.1/nios2eds/bin/gnu/h-i686-mingw32/bin/../lib/gcc/nios2-elf/4.1.2/../../../../nios2-elf/lib/mno-hw-mul\libc.a(lib_a-stdio.o)
 .bss           0x00010f04        0x0 c:/altera/11.1/nios2eds/bin/gnu/h-i686-mingw32/bin/../lib/gcc/nios2-elf/4.1.2/../../../../nios2-elf/lib/mno-hw-mul\libc.a(lib_a-strcmp.o)
 .bss           0x00010f04        0x0 c:/altera/11.1/nios2eds/bin/gnu/h-i686-mingw32/bin/../lib/gcc/nios2-elf/4.1.2/../../../../nios2-elf/lib/mno-hw-mul\libc.a(lib_a-writer.o)
 .bss           0x00010f04        0x0 c:/altera/11.1/nios2eds/bin/gnu/h-i686-mingw32/bin/../lib/gcc/nios2-elf/4.1.2/../../../../nios2-elf/lib/mno-hw-mul\libc.a(lib_a-callocr.o)
 .bss           0x00010f04        0x0 c:/altera/11.1/nios2eds/bin/gnu/h-i686-mingw32/bin/../lib/gcc/nios2-elf/4.1.2/../../../../nios2-elf/lib/mno-hw-mul\libc.a(lib_a-closer.o)
 .bss           0x00010f04        0x0 c:/altera/11.1/nios2eds/bin/gnu/h-i686-mingw32/bin/../lib/gcc/nios2-elf/4.1.2/../../../../nios2-elf/lib/mno-hw-mul\libc.a(lib_a-fclose.o)
 .bss           0x00010f04        0x0 c:/altera/11.1/nios2eds/bin/gnu/h-i686-mingw32/bin/../lib/gcc/nios2-elf/4.1.2/../../../../nios2-elf/lib/mno-hw-mul\libc.a(lib_a-fstatr.o)
 .bss           0x00010f04        0x0 c:/altera/11.1/nios2eds/bin/gnu/h-i686-mingw32/bin/../lib/gcc/nios2-elf/4.1.2/../../../../nios2-elf/lib/mno-hw-mul\libc.a(lib_a-isattyr.o)
 .bss           0x00010f04        0x0 c:/altera/11.1/nios2eds/bin/gnu/h-i686-mingw32/bin/../lib/gcc/nios2-elf/4.1.2/../../../../nios2-elf/lib/mno-hw-mul\libc.a(lib_a-lseekr.o)
 .bss           0x00010f04        0x0 c:/altera/11.1/nios2eds/bin/gnu/h-i686-mingw32/bin/../lib/gcc/nios2-elf/4.1.2/../../../../nios2-elf/lib/mno-hw-mul\libc.a(lib_a-readr.o)
 .bss           0x00010f04        0x0 c:/altera/11.1/nios2eds/bin/gnu/h-i686-mingw32/bin/../lib/gcc/nios2-elf/4.1.2/mno-hw-mul\libgcc.a(_udivdi3.o)
 .bss           0x00010f04        0x0 c:/altera/11.1/nios2eds/bin/gnu/h-i686-mingw32/bin/../lib/gcc/nios2-elf/4.1.2/mno-hw-mul\libgcc.a(_umoddi3.o)
 .bss           0x00010f04        0x0 c:/altera/11.1/nios2eds/bin/gnu/h-i686-mingw32/bin/../lib/gcc/nios2-elf/4.1.2/mno-hw-mul\libgcc.a(_addsub_df.o)
 .bss           0x00010f04        0x0 c:/altera/11.1/nios2eds/bin/gnu/h-i686-mingw32/bin/../lib/gcc/nios2-elf/4.1.2/mno-hw-mul\libgcc.a(_mul_df.o)
 .bss           0x00010f04        0x0 c:/altera/11.1/nios2eds/bin/gnu/h-i686-mingw32/bin/../lib/gcc/nios2-elf/4.1.2/mno-hw-mul\libgcc.a(_div_df.o)
 .bss           0x00010f04        0x0 c:/altera/11.1/nios2eds/bin/gnu/h-i686-mingw32/bin/../lib/gcc/nios2-elf/4.1.2/mno-hw-mul\libgcc.a(_eq_df.o)
 .bss           0x00010f04        0x0 c:/altera/11.1/nios2eds/bin/gnu/h-i686-mingw32/bin/../lib/gcc/nios2-elf/4.1.2/mno-hw-mul\libgcc.a(_ne_df.o)
 .bss           0x00010f04        0x0 c:/altera/11.1/nios2eds/bin/gnu/h-i686-mingw32/bin/../lib/gcc/nios2-elf/4.1.2/mno-hw-mul\libgcc.a(_gt_df.o)
 .bss           0x00010f04        0x0 c:/altera/11.1/nios2eds/bin/gnu/h-i686-mingw32/bin/../lib/gcc/nios2-elf/4.1.2/mno-hw-mul\libgcc.a(_ge_df.o)
 .bss           0x00010f04        0x0 c:/altera/11.1/nios2eds/bin/gnu/h-i686-mingw32/bin/../lib/gcc/nios2-elf/4.1.2/mno-hw-mul\libgcc.a(_lt_df.o)
 .bss           0x00010f04        0x0 c:/altera/11.1/nios2eds/bin/gnu/h-i686-mingw32/bin/../lib/gcc/nios2-elf/4.1.2/mno-hw-mul\libgcc.a(_si_to_df.o)
 .bss           0x00010f04        0x0 c:/altera/11.1/nios2eds/bin/gnu/h-i686-mingw32/bin/../lib/gcc/nios2-elf/4.1.2/mno-hw-mul\libgcc.a(_df_to_si.o)
 .bss           0x00010f04        0x0 c:/altera/11.1/nios2eds/bin/gnu/h-i686-mingw32/bin/../lib/gcc/nios2-elf/4.1.2/mno-hw-mul\libgcc.a(_thenan_df.o)
 .bss           0x00010f04        0x0 c:/altera/11.1/nios2eds/bin/gnu/h-i686-mingw32/bin/../lib/gcc/nios2-elf/4.1.2/mno-hw-mul\libgcc.a(_usi_to_df.o)
 .bss           0x00010f04        0x0 c:/altera/11.1/nios2eds/bin/gnu/h-i686-mingw32/bin/../lib/gcc/nios2-elf/4.1.2/mno-hw-mul\libgcc.a(_muldi3.o)
 .bss           0x00010f04        0x0 c:/altera/11.1/nios2eds/bin/gnu/h-i686-mingw32/bin/../lib/gcc/nios2-elf/4.1.2/mno-hw-mul\libgcc.a(_clz.o)
 .bss           0x00010f04        0x0 c:/altera/11.1/nios2eds/bin/gnu/h-i686-mingw32/bin/../lib/gcc/nios2-elf/4.1.2/mno-hw-mul\libgcc.a(_clzsi2.o)
 .bss           0x00010f04        0x0 c:/altera/11.1/nios2eds/bin/gnu/h-i686-mingw32/bin/../lib/gcc/nios2-elf/4.1.2/mno-hw-mul\libgcc.a(_pack_df.o)
 .bss           0x00010f04        0x0 c:/altera/11.1/nios2eds/bin/gnu/h-i686-mingw32/bin/../lib/gcc/nios2-elf/4.1.2/mno-hw-mul\libgcc.a(_unpack_df.o)
 .bss           0x00010f04        0x0 c:/altera/11.1/nios2eds/bin/gnu/h-i686-mingw32/bin/../lib/gcc/nios2-elf/4.1.2/mno-hw-mul\libgcc.a(_fpcmp_parts_df.o)
 .bss           0x00010f04        0x0 Z:/Project3_bsp/\libhal_bsp.a(alt_alarm_start.o)
 .bss           0x00010f04        0x0 Z:/Project3_bsp/\libhal_bsp.a(alt_close.o)
 .bss           0x00010f04        0x0 Z:/Project3_bsp/\libhal_bsp.a(alt_dev.o)
 .bss           0x00010f04        0x0 Z:/Project3_bsp/\libhal_bsp.a(alt_errno.o)
 .bss           0x00010f04        0x0 Z:/Project3_bsp/\libhal_bsp.a(alt_exit.o)
 .bss           0x00010f04        0x0 Z:/Project3_bsp/\libhal_bsp.a(alt_fstat.o)
 .bss           0x00010f04        0x0 Z:/Project3_bsp/\libhal_bsp.a(alt_isatty.o)
 .bss           0x00010f04        0x0 Z:/Project3_bsp/\libhal_bsp.a(alt_load.o)
 .bss           0x00010f04        0x0 Z:/Project3_bsp/\libhal_bsp.a(alt_lseek.o)
 .bss           0x00010f04        0x0 Z:/Project3_bsp/\libhal_bsp.a(alt_main.o)
 .bss           0x00010f04        0x0 Z:/Project3_bsp/\libhal_bsp.a(alt_malloc_lock.o)
 .bss           0x00010f04        0x0 Z:/Project3_bsp/\libhal_bsp.a(alt_printf.o)
 .bss           0x00010f04        0x0 Z:/Project3_bsp/\libhal_bsp.a(alt_putchar.o)
 .bss           0x00010f04        0x0 Z:/Project3_bsp/\libhal_bsp.a(alt_read.o)
 .bss           0x00010f04        0x0 Z:/Project3_bsp/\libhal_bsp.a(alt_release_fd.o)
 .bss           0x00010f04        0x0 Z:/Project3_bsp/\libhal_bsp.a(alt_sbrk.o)
 .bss           0x00010f04        0x0 Z:/Project3_bsp/\libhal_bsp.a(alt_tick.o)
 .bss           0x00010f04        0x0 Z:/Project3_bsp/\libhal_bsp.a(alt_write.o)
 .bss           0x00010f04        0x0 Z:/Project3_bsp/\libhal_bsp.a(alt_sys_init.o)
 .bss           0x00010f04        0x0 Z:/Project3_bsp/\libhal_bsp.a(altera_avalon_jtag_uart_fd.o)
 .bss           0x00010f04        0x0 Z:/Project3_bsp/\libhal_bsp.a(altera_avalon_jtag_uart_init.o)
 .bss           0x00010f04        0x0 Z:/Project3_bsp/\libhal_bsp.a(altera_avalon_jtag_uart_ioctl.o)
 .bss           0x00010f04        0x0 Z:/Project3_bsp/\libhal_bsp.a(altera_avalon_jtag_uart_read.o)
 .bss           0x00010f04        0x0 Z:/Project3_bsp/\libhal_bsp.a(altera_avalon_jtag_uart_write.o)
 .bss           0x00010f04        0x0 Z:/Project3_bsp/\libhal_bsp.a(altera_avalon_timer_sc.o)
 .bss           0x00010f04        0x0 Z:/Project3_bsp/\libhal_bsp.a(alt_dcache_flush_all.o)
 .bss           0x00010f04        0x0 Z:/Project3_bsp/\libhal_bsp.a(alt_dev_llist_insert.o)
 .bss           0x00010f04        0x0 Z:/Project3_bsp/\libhal_bsp.a(alt_do_ctors.o)
 .bss           0x00010f04        0x0 Z:/Project3_bsp/\libhal_bsp.a(alt_do_dtors.o)
 .bss           0x00010f04        0x0 Z:/Project3_bsp/\libhal_bsp.a(alt_icache_flush_all.o)
 .bss           0x00010f04        0x0 Z:/Project3_bsp/\libhal_bsp.a(alt_iic.o)
 .bss           0x00010f04        0x0 Z:/Project3_bsp/\libhal_bsp.a(alt_iic_isr_register.o)
 .bss           0x00010f04        0x0 Z:/Project3_bsp/\libhal_bsp.a(alt_io_redirect.o)
 .bss           0x00010f04        0x0 Z:/Project3_bsp/\libhal_bsp.a(alt_irq_entry.o)
 .bss           0x00010f04        0x0 Z:/Project3_bsp/\libhal_bsp.a(alt_irq_handler.o)
 .bss           0x00010f04        0x0 Z:/Project3_bsp/\libhal_bsp.a(alt_irq_vars.o)
 .bss           0x00010f04        0x0 Z:/Project3_bsp/\libhal_bsp.a(alt_open.o)
 .bss           0x00010f04        0x0 Z:/Project3_bsp/\libhal_bsp.a(altera_nios2_irq.o)
 .bss           0x00010f04        0x0 Z:/Project3_bsp/\libhal_bsp.a(alt_exception_entry.o)
 .bss           0x00010f04        0x0 Z:/Project3_bsp/\libhal_bsp.a(alt_find_dev.o)
 .bss           0x00010f04        0x0 Z:/Project3_bsp/\libhal_bsp.a(alt_find_file.o)
 .bss           0x00010f04        0x0 Z:/Project3_bsp/\libhal_bsp.a(alt_get_fd.o)
 .bss           0x00010f04        0x0 c:/altera/11.1/nios2eds/bin/gnu/h-i686-mingw32/bin/../lib/gcc/nios2-elf/4.1.2/../../../../nios2-elf/lib/mno-hw-mul\libc.a(lib_a-atexit.o)
 .bss           0x00010f04        0x0 c:/altera/11.1/nios2eds/bin/gnu/h-i686-mingw32/bin/../lib/gcc/nios2-elf/4.1.2/../../../../nios2-elf/lib/mno-hw-mul\libc.a(lib_a-memcmp.o)
 .bss           0x00010f04        0x0 c:/altera/11.1/nios2eds/bin/gnu/h-i686-mingw32/bin/../lib/gcc/nios2-elf/4.1.2/../../../../nios2-elf/lib/mno-hw-mul\libc.a(lib_a-putc.o)
 .bss           0x00010f04        0x0 c:/altera/11.1/nios2eds/bin/gnu/h-i686-mingw32/bin/../lib/gcc/nios2-elf/4.1.2/../../../../nios2-elf/lib/mno-hw-mul\libc.a(lib_a-wbuf.o)
 .bss           0x00010f04        0x0 c:/altera/11.1/nios2eds/bin/gnu/h-i686-mingw32/bin/../lib/gcc/nios2-elf/4.1.2/../../../../nios2-elf/lib/mno-hw-mul\libc.a(lib_a-__atexit.o)
 *(COMMON)
 COMMON         0x00010f04      0x100 Z:/Project3_bsp/\libhal_bsp.a(alt_irq_handler.o)
                0x00010f04                alt_irq
 COMMON         0x00011004      0x190 c:/altera/11.1/nios2eds/bin/gnu/h-i686-mingw32/bin/../lib/gcc/nios2-elf/4.1.2/../../../../nios2-elf/lib/mno-hw-mul\libc.a(lib_a-atexit.o)
                0x00011004                _atexit0
                0x00011194                . = ALIGN (0x4)
                0x00011194                __bss_end = ABSOLUTE (.)

.SDRAM          0x00011194        0x0
                0x00011194                PROVIDE (_alt_partition_SDRAM_start, ABSOLUTE (.))
 *(.SDRAM. SDRAM.*)
                0x00011194                . = ALIGN (0x4)
                0x00011194                PROVIDE (_alt_partition_SDRAM_end, ABSOLUTE (.))
                0x00011194                _end = ABSOLUTE (.)
                0x00011194                end = ABSOLUTE (.)
                0x00011194                __alt_stack_base = ABSOLUTE (.)
                0x00011194                PROVIDE (_alt_partition_SDRAM_load_addr, LOADADDR (.SDRAM))

.SRAM           0x08000000        0x0 load address 0x00011194
                0x08000000                PROVIDE (_alt_partition_SRAM_start, ABSOLUTE (.))
 *(.SRAM. SRAM.*)
                0x08000000                . = ALIGN (0x4)
                0x08000000                PROVIDE (_alt_partition_SRAM_end, ABSOLUTE (.))
                0x00011194                PROVIDE (_alt_partition_SRAM_load_addr, LOADADDR (.SRAM))

.Onchip_memory  0x09000000        0x0 load address 0x00011194
                0x09000000                PROVIDE (_alt_partition_Onchip_memory_start, ABSOLUTE (.))
 *(.Onchip_memory. Onchip_memory.*)
                0x09000000                . = ALIGN (0x4)
                0x09000000                PROVIDE (_alt_partition_Onchip_memory_end, ABSOLUTE (.))
                0x00011194                PROVIDE (_alt_partition_Onchip_memory_load_addr, LOADADDR (.Onchip_memory))

.stab
 *(.stab)

.stabstr
 *(.stabstr)

.stab.excl
 *(.stab.excl)

.stab.exclstr
 *(.stab.exclstr)

.stab.index
 *(.stab.index)

.stab.indexstr
 *(.stab.indexstr)

.comment        0x00000000       0x23
 *(.comment)
 .comment       0x00000000       0x23 obj/default/alarm_handler.o
                                 0x24 (size before relaxing)
 .comment       0x00000000       0x24 obj/default/project3.o
 .comment       0x00000000       0x24 obj/default/thread_handler.o
 .comment       0x00000000       0x24 c:/altera/11.1/nios2eds/bin/gnu/h-i686-mingw32/bin/../lib/gcc/nios2-elf/4.1.2/mno-hw-mul\libgcc.a(lib2-divmod.o)
 .comment       0x00000000       0x24 c:/altera/11.1/nios2eds/bin/gnu/h-i686-mingw32/bin/../lib/gcc/nios2-elf/4.1.2/mno-hw-mul\libgcc.a(lib2-mul.o)
 .comment       0x00000000       0x24 c:/altera/11.1/nios2eds/bin/gnu/h-i686-mingw32/bin/../lib/gcc/nios2-elf/4.1.2/../../../../nios2-elf/lib/mno-hw-mul\libc.a(lib_a-exit.o)
 .comment       0x00000000       0x24 c:/altera/11.1/nios2eds/bin/gnu/h-i686-mingw32/bin/../lib/gcc/nios2-elf/4.1.2/../../../../nios2-elf/lib/mno-hw-mul\libc.a(lib_a-impure.o)
 .comment       0x00000000       0x24 c:/altera/11.1/nios2eds/bin/gnu/h-i686-mingw32/bin/../lib/gcc/nios2-elf/4.1.2/../../../../nios2-elf/lib/mno-hw-mul\libc.a(lib_a-malloc.o)
 .comment       0x00000000       0x24 c:/altera/11.1/nios2eds/bin/gnu/h-i686-mingw32/bin/../lib/gcc/nios2-elf/4.1.2/../../../../nios2-elf/lib/mno-hw-mul\libc.a(lib_a-mallocr.o)
 .comment       0x00000000       0x24 c:/altera/11.1/nios2eds/bin/gnu/h-i686-mingw32/bin/../lib/gcc/nios2-elf/4.1.2/../../../../nios2-elf/lib/mno-hw-mul\libc.a(lib_a-printf.o)
 .comment       0x00000000       0x24 c:/altera/11.1/nios2eds/bin/gnu/h-i686-mingw32/bin/../lib/gcc/nios2-elf/4.1.2/../../../../nios2-elf/lib/mno-hw-mul\libc.a(lib_a-puts.o)
 .comment       0x00000000       0x24 c:/altera/11.1/nios2eds/bin/gnu/h-i686-mingw32/bin/../lib/gcc/nios2-elf/4.1.2/../../../../nios2-elf/lib/mno-hw-mul\libc.a(lib_a-sbrkr.o)
 .comment       0x00000000       0x24 c:/altera/11.1/nios2eds/bin/gnu/h-i686-mingw32/bin/../lib/gcc/nios2-elf/4.1.2/../../../../nios2-elf/lib/mno-hw-mul\libc.a(lib_a-strlen.o)
 .comment       0x00000000       0x24 c:/altera/11.1/nios2eds/bin/gnu/h-i686-mingw32/bin/../lib/gcc/nios2-elf/4.1.2/../../../../nios2-elf/lib/mno-hw-mul\libc.a(lib_a-vfprintf.o)
 .comment       0x00000000       0x24 c:/altera/11.1/nios2eds/bin/gnu/h-i686-mingw32/bin/../lib/gcc/nios2-elf/4.1.2/../../../../nios2-elf/lib/mno-hw-mul\libc.a(lib_a-wsetup.o)
 .comment       0x00000000       0x24 c:/altera/11.1/nios2eds/bin/gnu/h-i686-mingw32/bin/../lib/gcc/nios2-elf/4.1.2/../../../../nios2-elf/lib/mno-hw-mul\libc.a(lib_a-__call_atexit.o)
 .comment       0x00000000       0x24 c:/altera/11.1/nios2eds/bin/gnu/h-i686-mingw32/bin/../lib/gcc/nios2-elf/4.1.2/../../../../nios2-elf/lib/mno-hw-mul\libc.a(lib_a-dtoa.o)
 .comment       0x00000000       0x24 c:/altera/11.1/nios2eds/bin/gnu/h-i686-mingw32/bin/../lib/gcc/nios2-elf/4.1.2/../../../../nios2-elf/lib/mno-hw-mul\libc.a(lib_a-fflush.o)
 .comment       0x00000000       0x24 c:/altera/11.1/nios2eds/bin/gnu/h-i686-mingw32/bin/../lib/gcc/nios2-elf/4.1.2/../../../../nios2-elf/lib/mno-hw-mul\libc.a(lib_a-findfp.o)
 .comment       0x00000000       0x24 c:/altera/11.1/nios2eds/bin/gnu/h-i686-mingw32/bin/../lib/gcc/nios2-elf/4.1.2/../../../../nios2-elf/lib/mno-hw-mul\libc.a(lib_a-freer.o)
 .comment       0x00000000       0x24 c:/altera/11.1/nios2eds/bin/gnu/h-i686-mingw32/bin/../lib/gcc/nios2-elf/4.1.2/../../../../nios2-elf/lib/mno-hw-mul\libc.a(lib_a-fvwrite.o)
 .comment       0x00000000       0x24 c:/altera/11.1/nios2eds/bin/gnu/h-i686-mingw32/bin/../lib/gcc/nios2-elf/4.1.2/../../../../nios2-elf/lib/mno-hw-mul\libc.a(lib_a-fwalk.o)
 .comment       0x00000000       0x24 c:/altera/11.1/nios2eds/bin/gnu/h-i686-mingw32/bin/../lib/gcc/nios2-elf/4.1.2/../../../../nios2-elf/lib/mno-hw-mul\libc.a(lib_a-int_errno.o)
 .comment       0x00000000       0x24 c:/altera/11.1/nios2eds/bin/gnu/h-i686-mingw32/bin/../lib/gcc/nios2-elf/4.1.2/../../../../nios2-elf/lib/mno-hw-mul\libc.a(lib_a-locale.o)
 .comment       0x00000000       0x24 c:/altera/11.1/nios2eds/bin/gnu/h-i686-mingw32/bin/../lib/gcc/nios2-elf/4.1.2/../../../../nios2-elf/lib/mno-hw-mul\libc.a(lib_a-makebuf.o)
 .comment       0x00000000       0x24 c:/altera/11.1/nios2eds/bin/gnu/h-i686-mingw32/bin/../lib/gcc/nios2-elf/4.1.2/../../../../nios2-elf/lib/mno-hw-mul\libc.a(lib_a-memchr.o)
 .comment       0x00000000       0x24 c:/altera/11.1/nios2eds/bin/gnu/h-i686-mingw32/bin/../lib/gcc/nios2-elf/4.1.2/../../../../nios2-elf/lib/mno-hw-mul\libc.a(lib_a-memcpy.o)
 .comment       0x00000000       0x24 c:/altera/11.1/nios2eds/bin/gnu/h-i686-mingw32/bin/../lib/gcc/nios2-elf/4.1.2/../../../../nios2-elf/lib/mno-hw-mul\libc.a(lib_a-memmove.o)
 .comment       0x00000000       0x24 c:/altera/11.1/nios2eds/bin/gnu/h-i686-mingw32/bin/../lib/gcc/nios2-elf/4.1.2/../../../../nios2-elf/lib/mno-hw-mul\libc.a(lib_a-memset.o)
 .comment       0x00000000       0x24 c:/altera/11.1/nios2eds/bin/gnu/h-i686-mingw32/bin/../lib/gcc/nios2-elf/4.1.2/../../../../nios2-elf/lib/mno-hw-mul\libc.a(lib_a-mprec.o)
 .comment       0x00000000       0x24 c:/altera/11.1/nios2eds/bin/gnu/h-i686-mingw32/bin/../lib/gcc/nios2-elf/4.1.2/../../../../nios2-elf/lib/mno-hw-mul\libc.a(lib_a-reallocr.o)
 .comment       0x00000000       0x24 c:/altera/11.1/nios2eds/bin/gnu/h-i686-mingw32/bin/../lib/gcc/nios2-elf/4.1.2/../../../../nios2-elf/lib/mno-hw-mul\libc.a(lib_a-s_isinfd.o)
 .comment       0x00000000       0x24 c:/altera/11.1/nios2eds/bin/gnu/h-i686-mingw32/bin/../lib/gcc/nios2-elf/4.1.2/../../../../nios2-elf/lib/mno-hw-mul\libc.a(lib_a-s_isnand.o)
 .comment       0x00000000       0x24 c:/altera/11.1/nios2eds/bin/gnu/h-i686-mingw32/bin/../lib/gcc/nios2-elf/4.1.2/../../../../nios2-elf/lib/mno-hw-mul\libc.a(lib_a-stdio.o)
 .comment       0x00000000       0x24 c:/altera/11.1/nios2eds/bin/gnu/h-i686-mingw32/bin/../lib/gcc/nios2-elf/4.1.2/../../../../nios2-elf/lib/mno-hw-mul\libc.a(lib_a-strcmp.o)
 .comment       0x00000000       0x24 c:/altera/11.1/nios2eds/bin/gnu/h-i686-mingw32/bin/../lib/gcc/nios2-elf/4.1.2/../../../../nios2-elf/lib/mno-hw-mul\libc.a(lib_a-writer.o)
 .comment       0x00000000       0x24 c:/altera/11.1/nios2eds/bin/gnu/h-i686-mingw32/bin/../lib/gcc/nios2-elf/4.1.2/../../../../nios2-elf/lib/mno-hw-mul\libc.a(lib_a-callocr.o)
 .comment       0x00000000       0x24 c:/altera/11.1/nios2eds/bin/gnu/h-i686-mingw32/bin/../lib/gcc/nios2-elf/4.1.2/../../../../nios2-elf/lib/mno-hw-mul\libc.a(lib_a-closer.o)
 .comment       0x00000000       0x24 c:/altera/11.1/nios2eds/bin/gnu/h-i686-mingw32/bin/../lib/gcc/nios2-elf/4.1.2/../../../../nios2-elf/lib/mno-hw-mul\libc.a(lib_a-fclose.o)
 .comment       0x00000000       0x24 c:/altera/11.1/nios2eds/bin/gnu/h-i686-mingw32/bin/../lib/gcc/nios2-elf/4.1.2/../../../../nios2-elf/lib/mno-hw-mul\libc.a(lib_a-fstatr.o)
 .comment       0x00000000       0x24 c:/altera/11.1/nios2eds/bin/gnu/h-i686-mingw32/bin/../lib/gcc/nios2-elf/4.1.2/../../../../nios2-elf/lib/mno-hw-mul\libc.a(lib_a-isattyr.o)
 .comment       0x00000000       0x24 c:/altera/11.1/nios2eds/bin/gnu/h-i686-mingw32/bin/../lib/gcc/nios2-elf/4.1.2/../../../../nios2-elf/lib/mno-hw-mul\libc.a(lib_a-lseekr.o)
 .comment       0x00000000       0x24 c:/altera/11.1/nios2eds/bin/gnu/h-i686-mingw32/bin/../lib/gcc/nios2-elf/4.1.2/../../../../nios2-elf/lib/mno-hw-mul\libc.a(lib_a-readr.o)
 .comment       0x00000000       0x24 c:/altera/11.1/nios2eds/bin/gnu/h-i686-mingw32/bin/../lib/gcc/nios2-elf/4.1.2/mno-hw-mul\libgcc.a(_udivdi3.o)
 .comment       0x00000000       0x24 c:/altera/11.1/nios2eds/bin/gnu/h-i686-mingw32/bin/../lib/gcc/nios2-elf/4.1.2/mno-hw-mul\libgcc.a(_umoddi3.o)
 .comment       0x00000000       0x24 c:/altera/11.1/nios2eds/bin/gnu/h-i686-mingw32/bin/../lib/gcc/nios2-elf/4.1.2/mno-hw-mul\libgcc.a(_addsub_df.o)
 .comment       0x00000000       0x24 c:/altera/11.1/nios2eds/bin/gnu/h-i686-mingw32/bin/../lib/gcc/nios2-elf/4.1.2/mno-hw-mul\libgcc.a(_mul_df.o)
 .comment       0x00000000       0x24 c:/altera/11.1/nios2eds/bin/gnu/h-i686-mingw32/bin/../lib/gcc/nios2-elf/4.1.2/mno-hw-mul\libgcc.a(_div_df.o)
 .comment       0x00000000       0x24 c:/altera/11.1/nios2eds/bin/gnu/h-i686-mingw32/bin/../lib/gcc/nios2-elf/4.1.2/mno-hw-mul\libgcc.a(_eq_df.o)
 .comment       0x00000000       0x24 c:/altera/11.1/nios2eds/bin/gnu/h-i686-mingw32/bin/../lib/gcc/nios2-elf/4.1.2/mno-hw-mul\libgcc.a(_ne_df.o)
 .comment       0x00000000       0x24 c:/altera/11.1/nios2eds/bin/gnu/h-i686-mingw32/bin/../lib/gcc/nios2-elf/4.1.2/mno-hw-mul\libgcc.a(_gt_df.o)
 .comment       0x00000000       0x24 c:/altera/11.1/nios2eds/bin/gnu/h-i686-mingw32/bin/../lib/gcc/nios2-elf/4.1.2/mno-hw-mul\libgcc.a(_ge_df.o)
 .comment       0x00000000       0x24 c:/altera/11.1/nios2eds/bin/gnu/h-i686-mingw32/bin/../lib/gcc/nios2-elf/4.1.2/mno-hw-mul\libgcc.a(_lt_df.o)
 .comment       0x00000000       0x24 c:/altera/11.1/nios2eds/bin/gnu/h-i686-mingw32/bin/../lib/gcc/nios2-elf/4.1.2/mno-hw-mul\libgcc.a(_si_to_df.o)
 .comment       0x00000000       0x24 c:/altera/11.1/nios2eds/bin/gnu/h-i686-mingw32/bin/../lib/gcc/nios2-elf/4.1.2/mno-hw-mul\libgcc.a(_df_to_si.o)
 .comment       0x00000000       0x24 c:/altera/11.1/nios2eds/bin/gnu/h-i686-mingw32/bin/../lib/gcc/nios2-elf/4.1.2/mno-hw-mul\libgcc.a(_thenan_df.o)
 .comment       0x00000000       0x24 c:/altera/11.1/nios2eds/bin/gnu/h-i686-mingw32/bin/../lib/gcc/nios2-elf/4.1.2/mno-hw-mul\libgcc.a(_usi_to_df.o)
 .comment       0x00000000       0x24 c:/altera/11.1/nios2eds/bin/gnu/h-i686-mingw32/bin/../lib/gcc/nios2-elf/4.1.2/mno-hw-mul\libgcc.a(_muldi3.o)
 .comment       0x00000000       0x24 c:/altera/11.1/nios2eds/bin/gnu/h-i686-mingw32/bin/../lib/gcc/nios2-elf/4.1.2/mno-hw-mul\libgcc.a(_clz.o)
 .comment       0x00000000       0x24 c:/altera/11.1/nios2eds/bin/gnu/h-i686-mingw32/bin/../lib/gcc/nios2-elf/4.1.2/mno-hw-mul\libgcc.a(_clzsi2.o)
 .comment       0x00000000       0x24 c:/altera/11.1/nios2eds/bin/gnu/h-i686-mingw32/bin/../lib/gcc/nios2-elf/4.1.2/mno-hw-mul\libgcc.a(_pack_df.o)
 .comment       0x00000000       0x24 c:/altera/11.1/nios2eds/bin/gnu/h-i686-mingw32/bin/../lib/gcc/nios2-elf/4.1.2/mno-hw-mul\libgcc.a(_unpack_df.o)
 .comment       0x00000000       0x24 c:/altera/11.1/nios2eds/bin/gnu/h-i686-mingw32/bin/../lib/gcc/nios2-elf/4.1.2/mno-hw-mul\libgcc.a(_fpcmp_parts_df.o)
 .comment       0x00000000       0x24 Z:/Project3_bsp/\libhal_bsp.a(alt_alarm_start.o)
 .comment       0x00000000       0x24 Z:/Project3_bsp/\libhal_bsp.a(alt_close.o)
 .comment       0x00000000       0x24 Z:/Project3_bsp/\libhal_bsp.a(alt_dev.o)
 .comment       0x00000000       0x24 Z:/Project3_bsp/\libhal_bsp.a(alt_errno.o)
 .comment       0x00000000       0x24 Z:/Project3_bsp/\libhal_bsp.a(alt_exit.o)
 .comment       0x00000000       0x24 Z:/Project3_bsp/\libhal_bsp.a(alt_fstat.o)
 .comment       0x00000000       0x24 Z:/Project3_bsp/\libhal_bsp.a(alt_isatty.o)
 .comment       0x00000000       0x24 Z:/Project3_bsp/\libhal_bsp.a(alt_load.o)
 .comment       0x00000000       0x24 Z:/Project3_bsp/\libhal_bsp.a(alt_lseek.o)
 .comment       0x00000000       0x24 Z:/Project3_bsp/\libhal_bsp.a(alt_main.o)
 .comment       0x00000000       0x24 Z:/Project3_bsp/\libhal_bsp.a(alt_malloc_lock.o)
 .comment       0x00000000       0x24 Z:/Project3_bsp/\libhal_bsp.a(alt_printf.o)
 .comment       0x00000000       0x24 Z:/Project3_bsp/\libhal_bsp.a(alt_putchar.o)
 .comment       0x00000000       0x24 Z:/Project3_bsp/\libhal_bsp.a(alt_read.o)
 .comment       0x00000000       0x24 Z:/Project3_bsp/\libhal_bsp.a(alt_release_fd.o)
 .comment       0x00000000       0x24 Z:/Project3_bsp/\libhal_bsp.a(alt_sbrk.o)
 .comment       0x00000000       0x24 Z:/Project3_bsp/\libhal_bsp.a(alt_tick.o)
 .comment       0x00000000       0x24 Z:/Project3_bsp/\libhal_bsp.a(alt_write.o)
 .comment       0x00000000       0x24 Z:/Project3_bsp/\libhal_bsp.a(alt_sys_init.o)
 .comment       0x00000000       0x24 Z:/Project3_bsp/\libhal_bsp.a(altera_avalon_jtag_uart_fd.o)
 .comment       0x00000000       0x24 Z:/Project3_bsp/\libhal_bsp.a(altera_avalon_jtag_uart_init.o)
 .comment       0x00000000       0x24 Z:/Project3_bsp/\libhal_bsp.a(altera_avalon_jtag_uart_ioctl.o)
 .comment       0x00000000       0x24 Z:/Project3_bsp/\libhal_bsp.a(altera_avalon_jtag_uart_read.o)
 .comment       0x00000000       0x24 Z:/Project3_bsp/\libhal_bsp.a(altera_avalon_jtag_uart_write.o)
 .comment       0x00000000       0x24 Z:/Project3_bsp/\libhal_bsp.a(altera_avalon_timer_sc.o)
 .comment       0x00000000       0x24 Z:/Project3_bsp/\libhal_bsp.a(alt_dcache_flush_all.o)
 .comment       0x00000000       0x24 Z:/Project3_bsp/\libhal_bsp.a(alt_dev_llist_insert.o)
 .comment       0x00000000       0x24 Z:/Project3_bsp/\libhal_bsp.a(alt_do_ctors.o)
 .comment       0x00000000       0x24 Z:/Project3_bsp/\libhal_bsp.a(alt_do_dtors.o)
 .comment       0x00000000       0x24 Z:/Project3_bsp/\libhal_bsp.a(alt_icache_flush_all.o)
 .comment       0x00000000       0x24 Z:/Project3_bsp/\libhal_bsp.a(alt_iic.o)
 .comment       0x00000000       0x24 Z:/Project3_bsp/\libhal_bsp.a(alt_iic_isr_register.o)
 .comment       0x00000000       0x24 Z:/Project3_bsp/\libhal_bsp.a(alt_io_redirect.o)
 .comment       0x00000000       0x24 Z:/Project3_bsp/\libhal_bsp.a(alt_irq_handler.o)
 .comment       0x00000000       0x24 Z:/Project3_bsp/\libhal_bsp.a(alt_irq_vars.o)
 .comment       0x00000000       0x24 Z:/Project3_bsp/\libhal_bsp.a(alt_open.o)
 .comment       0x00000000       0x24 Z:/Project3_bsp/\libhal_bsp.a(altera_nios2_irq.o)
 .comment       0x00000000       0x24 Z:/Project3_bsp/\libhal_bsp.a(alt_find_dev.o)
 .comment       0x00000000       0x24 Z:/Project3_bsp/\libhal_bsp.a(alt_find_file.o)
 .comment       0x00000000       0x24 Z:/Project3_bsp/\libhal_bsp.a(alt_get_fd.o)
 .comment       0x00000000       0x24 c:/altera/11.1/nios2eds/bin/gnu/h-i686-mingw32/bin/../lib/gcc/nios2-elf/4.1.2/../../../../nios2-elf/lib/mno-hw-mul\libc.a(lib_a-atexit.o)
 .comment       0x00000000       0x24 c:/altera/11.1/nios2eds/bin/gnu/h-i686-mingw32/bin/../lib/gcc/nios2-elf/4.1.2/../../../../nios2-elf/lib/mno-hw-mul\libc.a(lib_a-memcmp.o)
 .comment       0x00000000       0x24 c:/altera/11.1/nios2eds/bin/gnu/h-i686-mingw32/bin/../lib/gcc/nios2-elf/4.1.2/../../../../nios2-elf/lib/mno-hw-mul\libc.a(lib_a-putc.o)
 .comment       0x00000000       0x24 c:/altera/11.1/nios2eds/bin/gnu/h-i686-mingw32/bin/../lib/gcc/nios2-elf/4.1.2/../../../../nios2-elf/lib/mno-hw-mul\libc.a(lib_a-wbuf.o)
 .comment       0x00000000       0x24 c:/altera/11.1/nios2eds/bin/gnu/h-i686-mingw32/bin/../lib/gcc/nios2-elf/4.1.2/../../../../nios2-elf/lib/mno-hw-mul\libc.a(lib_a-__atexit.o)

.debug
 *(.debug)

.line
 *(.line)

.debug_srcinfo
 *(.debug_srcinfo)

.debug_sfnames
 *(.debug_sfnames)

.debug_aranges  0x00000000      0xd78
 *(.debug_aranges)
 .debug_aranges
                0x00000000       0x28 Z:/Project3_bsp//obj/HAL/src/crt0.o
 .debug_aranges
                0x00000028       0x20 obj/default/alarm_handler.o
 .debug_aranges
                0x00000048       0x20 obj/default/project3.o
 .debug_aranges
                0x00000068       0x20 obj/default/thread_handler.o
 .debug_aranges
                0x00000088       0x20 obj/default/exception_handler.o
 .debug_aranges
                0x000000a8       0x20 c:/altera/11.1/nios2eds/bin/gnu/h-i686-mingw32/bin/../lib/gcc/nios2-elf/4.1.2/mno-hw-mul\libgcc.a(lib2-divmod.o)
 .debug_aranges
                0x000000c8       0x20 c:/altera/11.1/nios2eds/bin/gnu/h-i686-mingw32/bin/../lib/gcc/nios2-elf/4.1.2/mno-hw-mul\libgcc.a(lib2-mul.o)
 .debug_aranges
                0x000000e8       0x20 c:/altera/11.1/nios2eds/bin/gnu/h-i686-mingw32/bin/../lib/gcc/nios2-elf/4.1.2/../../../../nios2-elf/lib/mno-hw-mul\libc.a(lib_a-exit.o)
 .debug_aranges
                0x00000108       0x20 c:/altera/11.1/nios2eds/bin/gnu/h-i686-mingw32/bin/../lib/gcc/nios2-elf/4.1.2/../../../../nios2-elf/lib/mno-hw-mul\libc.a(lib_a-malloc.o)
 .debug_aranges
                0x00000128       0x20 c:/altera/11.1/nios2eds/bin/gnu/h-i686-mingw32/bin/../lib/gcc/nios2-elf/4.1.2/../../../../nios2-elf/lib/mno-hw-mul\libc.a(lib_a-mallocr.o)
 .debug_aranges
                0x00000148       0x20 c:/altera/11.1/nios2eds/bin/gnu/h-i686-mingw32/bin/../lib/gcc/nios2-elf/4.1.2/../../../../nios2-elf/lib/mno-hw-mul\libc.a(lib_a-printf.o)
 .debug_aranges
                0x00000168       0x20 c:/altera/11.1/nios2eds/bin/gnu/h-i686-mingw32/bin/../lib/gcc/nios2-elf/4.1.2/../../../../nios2-elf/lib/mno-hw-mul\libc.a(lib_a-puts.o)
 .debug_aranges
                0x00000188       0x20 c:/altera/11.1/nios2eds/bin/gnu/h-i686-mingw32/bin/../lib/gcc/nios2-elf/4.1.2/../../../../nios2-elf/lib/mno-hw-mul\libc.a(lib_a-sbrkr.o)
 .debug_aranges
                0x000001a8       0x20 c:/altera/11.1/nios2eds/bin/gnu/h-i686-mingw32/bin/../lib/gcc/nios2-elf/4.1.2/../../../../nios2-elf/lib/mno-hw-mul\libc.a(lib_a-strlen.o)
 .debug_aranges
                0x000001c8       0x20 c:/altera/11.1/nios2eds/bin/gnu/h-i686-mingw32/bin/../lib/gcc/nios2-elf/4.1.2/../../../../nios2-elf/lib/mno-hw-mul\libc.a(lib_a-vfprintf.o)
 .debug_aranges
                0x000001e8       0x20 c:/altera/11.1/nios2eds/bin/gnu/h-i686-mingw32/bin/../lib/gcc/nios2-elf/4.1.2/../../../../nios2-elf/lib/mno-hw-mul\libc.a(lib_a-wsetup.o)
 .debug_aranges
                0x00000208       0x20 c:/altera/11.1/nios2eds/bin/gnu/h-i686-mingw32/bin/../lib/gcc/nios2-elf/4.1.2/../../../../nios2-elf/lib/mno-hw-mul\libc.a(lib_a-__call_atexit.o)
 .debug_aranges
                0x00000228       0x20 c:/altera/11.1/nios2eds/bin/gnu/h-i686-mingw32/bin/../lib/gcc/nios2-elf/4.1.2/../../../../nios2-elf/lib/mno-hw-mul\libc.a(lib_a-dtoa.o)
 .debug_aranges
                0x00000248       0x20 c:/altera/11.1/nios2eds/bin/gnu/h-i686-mingw32/bin/../lib/gcc/nios2-elf/4.1.2/../../../../nios2-elf/lib/mno-hw-mul\libc.a(lib_a-fflush.o)
 .debug_aranges
                0x00000268       0x20 c:/altera/11.1/nios2eds/bin/gnu/h-i686-mingw32/bin/../lib/gcc/nios2-elf/4.1.2/../../../../nios2-elf/lib/mno-hw-mul\libc.a(lib_a-findfp.o)
 .debug_aranges
                0x00000288       0x20 c:/altera/11.1/nios2eds/bin/gnu/h-i686-mingw32/bin/../lib/gcc/nios2-elf/4.1.2/../../../../nios2-elf/lib/mno-hw-mul\libc.a(lib_a-freer.o)
 .debug_aranges
                0x000002a8       0x20 c:/altera/11.1/nios2eds/bin/gnu/h-i686-mingw32/bin/../lib/gcc/nios2-elf/4.1.2/../../../../nios2-elf/lib/mno-hw-mul\libc.a(lib_a-fvwrite.o)
 .debug_aranges
                0x000002c8       0x20 c:/altera/11.1/nios2eds/bin/gnu/h-i686-mingw32/bin/../lib/gcc/nios2-elf/4.1.2/../../../../nios2-elf/lib/mno-hw-mul\libc.a(lib_a-fwalk.o)
 .debug_aranges
                0x000002e8       0x20 c:/altera/11.1/nios2eds/bin/gnu/h-i686-mingw32/bin/../lib/gcc/nios2-elf/4.1.2/../../../../nios2-elf/lib/mno-hw-mul\libc.a(lib_a-locale.o)
 .debug_aranges
                0x00000308       0x20 c:/altera/11.1/nios2eds/bin/gnu/h-i686-mingw32/bin/../lib/gcc/nios2-elf/4.1.2/../../../../nios2-elf/lib/mno-hw-mul\libc.a(lib_a-makebuf.o)
 .debug_aranges
                0x00000328       0x20 c:/altera/11.1/nios2eds/bin/gnu/h-i686-mingw32/bin/../lib/gcc/nios2-elf/4.1.2/../../../../nios2-elf/lib/mno-hw-mul\libc.a(lib_a-memchr.o)
 .debug_aranges
                0x00000348       0x20 c:/altera/11.1/nios2eds/bin/gnu/h-i686-mingw32/bin/../lib/gcc/nios2-elf/4.1.2/../../../../nios2-elf/lib/mno-hw-mul\libc.a(lib_a-memcpy.o)
 .debug_aranges
                0x00000368       0x20 c:/altera/11.1/nios2eds/bin/gnu/h-i686-mingw32/bin/../lib/gcc/nios2-elf/4.1.2/../../../../nios2-elf/lib/mno-hw-mul\libc.a(lib_a-memmove.o)
 .debug_aranges
                0x00000388       0x20 c:/altera/11.1/nios2eds/bin/gnu/h-i686-mingw32/bin/../lib/gcc/nios2-elf/4.1.2/../../../../nios2-elf/lib/mno-hw-mul\libc.a(lib_a-memset.o)
 .debug_aranges
                0x000003a8       0x20 c:/altera/11.1/nios2eds/bin/gnu/h-i686-mingw32/bin/../lib/gcc/nios2-elf/4.1.2/../../../../nios2-elf/lib/mno-hw-mul\libc.a(lib_a-mprec.o)
 .debug_aranges
                0x000003c8       0x20 c:/altera/11.1/nios2eds/bin/gnu/h-i686-mingw32/bin/../lib/gcc/nios2-elf/4.1.2/../../../../nios2-elf/lib/mno-hw-mul\libc.a(lib_a-reallocr.o)
 .debug_aranges
                0x000003e8       0x20 c:/altera/11.1/nios2eds/bin/gnu/h-i686-mingw32/bin/../lib/gcc/nios2-elf/4.1.2/../../../../nios2-elf/lib/mno-hw-mul\libc.a(lib_a-s_isinfd.o)
 .debug_aranges
                0x00000408       0x20 c:/altera/11.1/nios2eds/bin/gnu/h-i686-mingw32/bin/../lib/gcc/nios2-elf/4.1.2/../../../../nios2-elf/lib/mno-hw-mul\libc.a(lib_a-s_isnand.o)
 .debug_aranges
                0x00000428       0x20 c:/altera/11.1/nios2eds/bin/gnu/h-i686-mingw32/bin/../lib/gcc/nios2-elf/4.1.2/../../../../nios2-elf/lib/mno-hw-mul\libc.a(lib_a-stdio.o)
 .debug_aranges
                0x00000448       0x20 c:/altera/11.1/nios2eds/bin/gnu/h-i686-mingw32/bin/../lib/gcc/nios2-elf/4.1.2/../../../../nios2-elf/lib/mno-hw-mul\libc.a(lib_a-strcmp.o)
 .debug_aranges
                0x00000468       0x20 c:/altera/11.1/nios2eds/bin/gnu/h-i686-mingw32/bin/../lib/gcc/nios2-elf/4.1.2/../../../../nios2-elf/lib/mno-hw-mul\libc.a(lib_a-writer.o)
 .debug_aranges
                0x00000488       0x20 c:/altera/11.1/nios2eds/bin/gnu/h-i686-mingw32/bin/../lib/gcc/nios2-elf/4.1.2/../../../../nios2-elf/lib/mno-hw-mul\libc.a(lib_a-callocr.o)
 .debug_aranges
                0x000004a8       0x20 c:/altera/11.1/nios2eds/bin/gnu/h-i686-mingw32/bin/../lib/gcc/nios2-elf/4.1.2/../../../../nios2-elf/lib/mno-hw-mul\libc.a(lib_a-closer.o)
 .debug_aranges
                0x000004c8       0x20 c:/altera/11.1/nios2eds/bin/gnu/h-i686-mingw32/bin/../lib/gcc/nios2-elf/4.1.2/../../../../nios2-elf/lib/mno-hw-mul\libc.a(lib_a-fclose.o)
 .debug_aranges